Archive member included to satisfy reference by file (symbol)

app/libapp.a(main.c.obj)      (--whole-archive)
zephyr/libzephyr.a(cbprintf_packaged.c.obj)
                              (--whole-archive)
zephyr/libzephyr.a(dec.c.obj)
                              (--whole-archive)
zephyr/libzephyr.a(hex.c.obj)
                              (--whole-archive)
zephyr/libzephyr.a(printk.c.obj)
                              (--whole-archive)
zephyr/libzephyr.a(rb.c.obj)  (--whole-archive)
zephyr/libzephyr.a(sem.c.obj)
                              (--whole-archive)
zephyr/libzephyr.a(thread_entry.c.obj)
                              (--whole-archive)
zephyr/libzephyr.a(timeutil.c.obj)
                              (--whole-archive)
zephyr/libzephyr.a(heap.c.obj)
                              (--whole-archive)
zephyr/libzephyr.a(heap-validate.c.obj)
                              (--whole-archive)
zephyr/libzephyr.a(bitarray.c.obj)
                              (--whole-archive)
zephyr/libzephyr.a(multi_heap.c.obj)
                              (--whole-archive)
zephyr/libzephyr.a(onoff.c.obj)
                              (--whole-archive)
zephyr/libzephyr.a(notify.c.obj)
                              (--whole-archive)
zephyr/libzephyr.a(cbprintf_complete.c.obj)
                              (--whole-archive)
zephyr/libzephyr.a(assert.c.obj)
                              (--whole-archive)
zephyr/libzephyr.a(reboot.c.obj)
                              (--whole-archive)
zephyr/libzephyr.a(configs.c.obj)
                              (--whole-archive)
zephyr/libzephyr.a(mem_attr.c.obj)
                              (--whole-archive)
zephyr/libzephyr.a(tracing_none.c.obj)
                              (--whole-archive)
zephyr/libzephyr.a(addr_utils.c.obj)
                              (--whole-archive)
zephyr/libzephyr.a(utils.c.obj)
                              (--whole-archive)
zephyr/libzephyr.a(aes_decrypt.c.obj)
                              (--whole-archive)
zephyr/libzephyr.a(aes_encrypt.c.obj)
                              (--whole-archive)
zephyr/libzephyr.a(cmac_mode.c.obj)
                              (--whole-archive)
zephyr/libzephyr.a(nrf_cc3xx_platform_abort_zephyr.c.obj)
                              (--whole-archive)
zephyr/libzephyr.a(nrf_cc3xx_platform_mutex_zephyr.c.obj)
                              (--whole-archive)
zephyr/arch/common/libarch__common.a(sw_isr_common.c.obj)
                              (--whole-archive)
zephyr/arch/arch/arm/core/libarch__arm__core.a(fatal.c.obj)
                              (--whole-archive)
zephyr/arch/arch/arm/core/libarch__arm__core.a(nmi.c.obj)
                              (--whole-archive)
zephyr/arch/arch/arm/core/libarch__arm__core.a(nmi_on_reset.S.obj)
                              (--whole-archive)
zephyr/arch/arch/arm/core/libarch__arm__core.a(tls.c.obj)
                              (--whole-archive)
zephyr/arch/arch/arm/core/cortex_m/libarch__arm__core__cortex_m.a(exc_exit.S.obj)
                              (--whole-archive)
zephyr/arch/arch/arm/core/cortex_m/libarch__arm__core__cortex_m.a(fault.c.obj)
                              (--whole-archive)
zephyr/arch/arch/arm/core/cortex_m/libarch__arm__core__cortex_m.a(fault_s.S.obj)
                              (--whole-archive)
zephyr/arch/arch/arm/core/cortex_m/libarch__arm__core__cortex_m.a(fpu.c.obj)
                              (--whole-archive)
zephyr/arch/arch/arm/core/cortex_m/libarch__arm__core__cortex_m.a(reset.S.obj)
                              (--whole-archive)
zephyr/arch/arch/arm/core/cortex_m/libarch__arm__core__cortex_m.a(scb.c.obj)
                              (--whole-archive)
zephyr/arch/arch/arm/core/cortex_m/libarch__arm__core__cortex_m.a(thread_abort.c.obj)
                              (--whole-archive)
zephyr/arch/arch/arm/core/cortex_m/libarch__arm__core__cortex_m.a(vector_table.S.obj)
                              (--whole-archive)
zephyr/arch/arch/arm/core/cortex_m/libarch__arm__core__cortex_m.a(swap.c.obj)
                              (--whole-archive)
zephyr/arch/arch/arm/core/cortex_m/libarch__arm__core__cortex_m.a(swap_helper.S.obj)
                              (--whole-archive)
zephyr/arch/arch/arm/core/cortex_m/libarch__arm__core__cortex_m.a(irq_manage.c.obj)
                              (--whole-archive)
zephyr/arch/arch/arm/core/cortex_m/libarch__arm__core__cortex_m.a(prep_c.c.obj)
                              (--whole-archive)
zephyr/arch/arch/arm/core/cortex_m/libarch__arm__core__cortex_m.a(thread.c.obj)
                              (--whole-archive)
zephyr/arch/arch/arm/core/cortex_m/libarch__arm__core__cortex_m.a(cpu_idle.S.obj)
                              (--whole-archive)
zephyr/arch/arch/arm/core/cortex_m/libarch__arm__core__cortex_m.a(irq_init.c.obj)
                              (--whole-archive)
zephyr/arch/arch/arm/core/cortex_m/libarch__arm__core__cortex_m.a(isr_wrapper.S.obj)
                              (--whole-archive)
[...]
Memory Configuration

Name             Origin             Length             Attributes
FLASH            0x0000000000000000 0x0000000000100000 xr
RAM              0x0000000020000000 0x0000000000040000 xw
IDT_LIST         0x00000000ffff7fff 0x0000000000008000 xw
*default*        0x0000000000000000 0xffffffffffffffff

Linker script and memory map

                0x000000000001b038                vfprintf = __l_vfprintf
                0x0000000000000000                vfscanf = __l_vfscanf
LOAD zephyr/CMakeFiles/zephyr_pre0.dir/misc/empty_file.c.obj
LOAD zephyr/CMakeFiles/offsets.dir/./arch/arm/core/offsets/offsets.c.obj
LOAD app/libapp.a
LOAD zephyr/libzephyr.a
LOAD zephyr/arch/common/libarch__common.a
LOAD zephyr/arch/arch/arm/core/libarch__arm__core.a
LOAD zephyr/arch/arch/arm/core/cortex_m/libarch__arm__core__cortex_m.a
LOAD zephyr/arch/arch/arm/core/mpu/libarch__arm__core__mpu.a
LOAD zephyr/lib/libc/picolibc/liblib__libc__picolibc.a
LOAD zephyr/lib/libc/common/liblib__libc__common.a
LOAD zephyr/soc/soc/arm/nordic_nrf/libsoc__arm__nordic_nrf.a
LOAD zephyr/subsys/random/libsubsys__random.a
LOAD zephyr/subsys/bluetooth/common/libsubsys__bluetooth__common.a
LOAD zephyr/subsys/bluetooth/host/libsubsys__bluetooth__host.a
LOAD zephyr/subsys/net/libsubsys__net.a
LOAD zephyr/drivers/clock_control/libdrivers__clock_control.a
LOAD zephyr/drivers/console/libdrivers__console.a
LOAD zephyr/drivers/entropy/libdrivers__entropy.a
LOAD zephyr/drivers/gpio/libdrivers__gpio.a
LOAD zephyr/drivers/pinctrl/libdrivers__pinctrl.a
LOAD zephyr/drivers/serial/libdrivers__serial.a
LOAD zephyr/drivers/timer/libdrivers__timer.a
LOAD modules/nrf/lib/multithreading_lock/lib..__nrf__lib__multithreading_lock.a
LOAD modules/nrf/lib/fatal_error/lib..__nrf__lib__fatal_error.a
LOAD modules/nrf/subsys/bluetooth/controller/lib..__nrf__subsys__bluetooth__controller.a
LOAD modules/nrf/subsys/mpsl/init/lib..__nrf__subsys__mpsl__init.a
LOAD modules/nrf/subsys/mpsl/fem/lib..__nrf__subsys__mpsl__fem.a
LOAD modules/nrf/drivers/mpsl/clock_control/lib..__nrf__drivers__mpsl__clock_control.a
LOAD modules/nrf/drivers/hw_cc3xx/lib..__nrf__drivers__hw_cc3xx.a
LOAD modules/hal_nordic/nrfx/libmodules__hal_nordic__nrfx.a
LOAD modules/segger/libmodules__segger.a
LOAD zephyr/kernel/libkernel.a
LOAD c:/ncs/toolchains/ce3b5ff664/opt/zephyr-sdk/arm-zephyr-eabi/bin/../lib/gcc/arm-zephyr-eabi/12.2.0/thumb/v7e-m/nofp\libgcc.a
LOAD zephyr/arch/common/libisr_tables.a
LOAD C:/ncs/v2.6.1/nrfxlib/crypto/nrf_oberon/lib/cortex-m4/soft-float/liboberon_3.0.14.a
LOAD C:/ncs/v2.6.1/nrfxlib/crypto/nrf_cc310_platform/lib/cortex-m4/soft-float/no-interrupts/libnrf_cc310_platform_0.9.19.a
LOAD C:/ncs/v2.6.1/nrfxlib/softdevice_controller/lib/cortex-m4/soft-float/libsoftdevice_controller_central.a
LOAD C:/ncs/v2.6.1/nrfxlib/mpsl/fem/common/lib/cortex-m4/soft-float/libmpsl_fem_common.a
LOAD C:/ncs/v2.6.1/nrfxlib/mpsl/fem/nrf21540_gpio/lib/cortex-m4/soft-float/libmpsl_fem_nrf21540_gpio.a
LOAD C:/ncs/v2.6.1/nrfxlib/mpsl/fem/nrf21540_gpio_spi/lib/cortex-m4/soft-float/libmpsl_fem_nrf21540_gpio_spi.a
LOAD C:/ncs/v2.6.1/nrfxlib/mpsl/fem/simple_gpio/lib/cortex-m4/soft-float/libmpsl_fem_simple_gpio.a
LOAD C:/ncs/v2.6.1/nrfxlib/mpsl/lib/cortex-m4/soft-float/libmpsl.a
LOAD c:\ncs\toolchains\ce3b5ff664\opt\zephyr-sdk\arm-zephyr-eabi\bin\../lib/gcc/../../picolibc/arm-zephyr-eabi/lib/thumb/v7e-m/nofp\libc.a
LOAD c:/ncs/toolchains/ce3b5ff664/opt/zephyr-sdk/arm-zephyr-eabi/bin/../lib/gcc/arm-zephyr-eabi/12.2.0/thumb/v7e-m/nofp\libgcc.a
                0x0000000000000020                _region_min_align = 0x20

.rel.plt        0x0000000000000000        0x0
 *(SORT_BY_ALIGNMENT(.rel.plt))
                [!provide]                        PROVIDE (__rel_iplt_start = .)
 *(SORT_BY_ALIGNMENT(.rel.iplt))
 .rel.iplt      0x0000000000000000        0x0 app/libapp.a(main.c.obj)
                [!provide]                        PROVIDE (__rel_iplt_end = .)

.rela.plt       0x0000000000000000        0x0
 *(SORT_BY_ALIGNMENT(.rela.plt))
                [!provide]                        PROVIDE (__rela_iplt_start = .)
 *(SORT_BY_ALIGNMENT(.rela.iplt))
                [!provide]                        PROVIDE (__rela_iplt_end = .)

.rel.dyn
 *(SORT_BY_ALIGNMENT(.rel.*))

.rela.dyn
 *(SORT_BY_ALIGNMENT(.rela.*))

/DISCARD/
 *(SORT_BY_ALIGNMENT(.plt))

/DISCARD/
 *(SORT_BY_ALIGNMENT(.iplt))
                0x0000000000000000                __rom_region_start = 0x0

rom_start       0x0000000000000000      0x100
                0x0000000000000000                __rom_start_address = .
 FILL mask 0x00
                0x0000000000000000                . = (. + (0x0 - (. - __rom_start_address)))
                0x0000000000000000                . = ALIGN (0x4)
                0x0000000000000000                . = ALIGN (0x80)
                0x0000000000000000                . = ALIGN (0x100)
                0x0000000000000000                _vector_start = .
 *(SORT_BY_ALIGNMENT(.exc_vector_table))
 *(SORT_BY_ALIGNMENT(.exc_vector_table.*))
 .exc_vector_table._vector_table_section
                0x0000000000000000       0x40 zephyr/arch/arch/arm/core/cortex_m/libarch__arm__core__cortex_m.a(vector_table.S.obj)
                0x0000000000000000                _vector_table
 *(SORT_BY_ALIGNMENT(.vectors))
                0x0000000000000100                _vector_end = .
                0x0000000000000040                . = ALIGN (0x4)
 *(SORT_BY_ALIGNMENT(.gnu.linkonce.irq_vector_table*))
 .gnu.linkonce.irq_vector_table
                0x0000000000000040       0xc0 zephyr/arch/common/libisr_tables.a(isr_tables.c.obj)
                0x0000000000000040                _irq_vector_table
                0x0000000000000100                _vector_end = .

text            0x0000000000000100    0x1efd8
                0x0000000000000100                __text_region_start = .
 *(SORT_BY_ALIGNMENT(.text))
 .text          0x0000000000000100       0x30 c:/ncs/toolchains/ce3b5ff664/opt/zephyr-sdk/arm-zephyr-eabi/bin/../lib/gcc/arm-zephyr-eabi/12.2.0/thumb/v7e-m/nofp\libgcc.a(_aeabi_uldivmod.o)
                0x0000000000000100                __aeabi_uldivmod
 .text          0x0000000000000130        0x4 c:/ncs/toolchains/ce3b5ff664/opt/zephyr-sdk/arm-zephyr-eabi/bin/../lib/gcc/arm-zephyr-eabi/12.2.0/thumb/v7e-m/nofp\libgcc.a(_dvmd_tls.o)
                0x0000000000000130                __aeabi_idiv0
                0x0000000000000130                __aeabi_ldiv0
 .text          0x0000000000000134      0x41c C:/ncs/v2.6.1/nrfxlib/crypto/nrf_oberon/lib/cortex-m4/soft-float/liboberon_3.0.14.a(ocrypto_bigint256.s.obj)
                0x0000000000000134                ocrypto_bigint_add256
                0x0000000000000174                ocrypto_bigint_sub256
                0x00000000000001b4                ocrypto_bigint_cadd256
                0x0000000000000210                ocrypto_bigint_csub256
                0x000000000000026c                ocrypto_bigint_cswap256
                0x00000000000002a0                ocrypto_mul256_noframe
                0x00000000000003f8                ocrypto_bigint_mul256
                0x0000000000000418                ocrypto_sqr256_noframe
                0x0000000000000530                ocrypto_bigint_sqr256
 .text          0x0000000000000550       0x5c C:/ncs/v2.6.1/nrfxlib/crypto/nrf_oberon/lib/cortex-m4/soft-float/liboberon_3.0.14.a(ocrypto_constant_time.s.obj)
                0x0000000000000550                ocrypto_constant_time_equal
                0x0000000000000578                ocrypto_constant_time_is_zero
                0x0000000000000594                ocrypto_constant_time_xor
 .text          0x00000000000005ac      0x1ec C:/ncs/v2.6.1/nrfxlib/crypto/nrf_oberon/lib/cortex-m4/soft-float/liboberon_3.0.14.a(ocrypto_mod_p256_base.s.obj)
                0x00000000000005ac                ocrypto_mod_p256_add
                0x0000000000000628                ocrypto_mod_p256_sub
                0x0000000000000738                ocrypto_mod_p256_mul
                0x0000000000000768                ocrypto_mod_p256_sqr
 .text          0x0000000000000798       0xc4 C:/ncs/v2.6.1/nrfxlib/softdevice_controller/lib/cortex-m4/soft-float/libsoftdevice_controller_central.a(libsoftdevice_controller_s123_debug_soft__obfuscated.elf)
 .text          0x000000000000085c       0x78 C:/ncs/v2.6.1/nrfxlib/softdevice_controller/lib/cortex-m4/soft-float/libsoftdevice_controller_central.a(libsoftdevice_controller_s123_debug_soft__obfuscated.elf)
                0x000000000000085c                sym_476LRB5XNUARAHCHHC7ZAIGPFC5VZ4W2N4467LI
 .text          0x00000000000008d4       0x48 C:/ncs/v2.6.1/nrfxlib/softdevice_controller/lib/cortex-m4/soft-float/libsoftdevice_controller_central.a(libsoftdevice_controller_s123_debug_soft__obfuscated.elf)
 .text          0x000000000000091c       0x7c C:/ncs/v2.6.1/nrfxlib/softdevice_controller/lib/cortex-m4/soft-float/libsoftdevice_controller_central.a(libsoftdevice_controller_s123_debug_soft__obfuscated.elf)
                0x000000000000091c                sdc_init
 .text          0x0000000000000998       0x94 C:/ncs/v2.6.1/nrfxlib/softdevice_controller/lib/cortex-m4/soft-float/libsoftdevice_controller_central.a(libsoftdevice_controller_s123_debug_soft__obfuscated.elf)
                0x0000000000000998                sdc_cfg_set
 .text          0x0000000000000a2c       0x58 C:/ncs/v2.6.1/nrfxlib/softdevice_controller/lib/cortex-m4/soft-float/libsoftdevice_controller_central.a(libsoftdevice_controller_s123_debug_soft__obfuscated.elf)
                0x0000000000000a2c                sdc_enable
 .text          0x0000000000000a84       0x28 C:/ncs/v2.6.1/nrfxlib/softdevice_controller/lib/cortex-m4/soft-float/libsoftdevice_controller_central.a(libsoftdevice_controller_s123_debug_soft__obfuscated.elf)
                0x0000000000000a84                sdc_disable
 .text          0x0000000000000aac       0x24 C:/ncs/v2.6.1/nrfxlib/softdevice_controller/lib/cortex-m4/soft-float/libsoftdevice_controller_central.a(libsoftdevice_controller_s123_debug_soft__obfuscated.elf)
                0x0000000000000aac                sdc_build_revision_get
 .text          0x0000000000000ad0       0x28 C:/ncs/v2.6.1/nrfxlib/softdevice_controller/lib/cortex-m4/soft-float/libsoftdevice_controller_central.a(libsoftdevice_controller_s123_debug_soft__obfuscated.elf)
                0x0000000000000ad0                sdc_support_central
 .text          0x0000000000000af8       0x24 C:/ncs/v2.6.1/nrfxlib/softdevice_controller/lib/cortex-m4/soft-float/libsoftdevice_controller_central.a(libsoftdevice_controller_s123_debug_soft__obfuscated.elf)
                0x0000000000000af8                sdc_support_dle_central
 .text          0x0000000000000b1c       0x24 C:/ncs/v2.6.1/nrfxlib/softdevice_controller/lib/cortex-m4/soft-float/libsoftdevice_controller_central.a(libsoftdevice_controller_s123_debug_soft__obfuscated.elf)
                0x0000000000000b1c                sdc_support_le_2m_phy
 .text          0x0000000000000b40       0x24 C:/ncs/v2.6.1/nrfxlib/softdevice_controller/lib/cortex-m4/soft-float/libsoftdevice_controller_central.a(libsoftdevice_controller_s123_debug_soft__obfuscated.elf)
                0x0000000000000b40                sdc_support_phy_update_central
 .text          0x0000000000000b64       0x10 C:/ncs/v2.6.1/nrfxlib/softdevice_controller/lib/cortex-m4/soft-float/libsoftdevice_controller_central.a(libsoftdevice_controller_s123_debug_soft__obfuscated.elf)
                0x0000000000000b64                sdc_rand_source_register
 .text          0x0000000000000b74        0xc C:/ncs/v2.6.1/nrfxlib/softdevice_controller/lib/cortex-m4/soft-float/libsoftdevice_controller_central.a(libsoftdevice_controller_s123_debug_soft__obfuscated.elf)
                0x0000000000000b74                sym_CVMXQJYKHZVHIOMGOYEICPLVAIQNUBL6USVNZSA
 .text          0x0000000000000b80       0x10 C:/ncs/v2.6.1/nrfxlib/softdevice_controller/lib/cortex-m4/soft-float/libsoftdevice_controller_central.a(libsoftdevice_controller_s123_debug_soft__obfuscated.elf)
                0x0000000000000b80                sym_EZ7BAEZZMYJFIJAONX254JF3WPGEXUT4NMP2WJQ
 .text          0x0000000000000b90       0x78 C:/ncs/v2.6.1/nrfxlib/softdevice_controller/lib/cortex-m4/soft-float/libsoftdevice_controller_central.a(libsoftdevice_controller_s123_debug_soft__obfuscated.elf)
                0x0000000000000b90                sym_MS2INTHZLDZMKZ5TZUDLWHPLKH3FLVZPA26JG6A
 .text          0x0000000000000c08       0x28 C:/ncs/v2.6.1/nrfxlib/softdevice_controller/lib/cortex-m4/soft-float/libsoftdevice_controller_central.a(libsoftdevice_controller_s123_debug_soft__obfuscated.elf)
                0x0000000000000c08                sym_TG7NSIC2UKHCUBZWZ4K4EMD5QRI2QVSKVKV6CFQ
 .text          0x0000000000000c30       0x3c C:/ncs/v2.6.1/nrfxlib/softdevice_controller/lib/cortex-m4/soft-float/libsoftdevice_controller_central.a(libsoftdevice_controller_s123_debug_soft__obfuscated.elf)
                0x0000000000000c30                sym_Z7NJGBYWCKFTEHRYWAIDKWPEUN45273QSWUA5CY
 .text          0x0000000000000c6c       0x24 C:/ncs/v2.6.1/nrfxlib/softdevice_controller/lib/cortex-m4/soft-float/libsoftdevice_controller_central.a(libsoftdevice_controller_s123_debug_soft__obfuscated.elf)
                0x0000000000000c6c                sym_TU2SMBIUC7JL6C3K2XB6727DQLBLV5LEGIMZAFQ
 .text          0x0000000000000c90       0x10 C:/ncs/v2.6.1/nrfxlib/softdevice_controller/lib/cortex-m4/soft-float/libsoftdevice_controller_central.a(libsoftdevice_controller_s123_debug_soft__obfuscated.elf)
                0x0000000000000c90                sym_CIVMWIRGIOQ374UFFPIFNN4ZGKYK2FRKTT6YRYA
 .text          0x0000000000000ca0       0x10 C:/ncs/v2.6.1/nrfxlib/softdevice_controller/lib/cortex-m4/soft-float/libsoftdevice_controller_central.a(libsoftdevice_controller_s123_debug_soft__obfuscated.elf)
                0x0000000000000ca0                sym_PPT6FEOF2T6DRALMCRRTUI7CHLEPBAN25HYV3KQ
 .text          0x0000000000000cb0       0x20 C:/ncs/v2.6.1/nrfxlib/softdevice_controller/lib/cortex-m4/soft-float/libsoftdevice_controller_central.a(libsoftdevice_controller_s123_debug_soft__obfuscated.elf)
                0x0000000000000cb0                sym_CEENVC5DZRUT7MGF5LABXKT4NV7YUL5F6EX6TEQ
 .text          0x0000000000000cd0        0xc C:/ncs/v2.6.1/nrfxlib/softdevice_controller/lib/cortex-m4/soft-float/libsoftdevice_controller_central.a(libsoftdevice_controller_s123_debug_soft__obfuscated.elf)
                0x0000000000000cd0                sym_G3KVRHCJDVHL7HV53526V3YI3DTK2IW2CADUWZQ
 .text          0x0000000000000cdc       0x1c C:/ncs/v2.6.1/nrfxlib/softdevice_controller/lib/cortex-m4/soft-float/libsoftdevice_controller_central.a(libsoftdevice_controller_s123_debug_soft__obfuscated.elf)
                0x0000000000000cdc                sdc_hci_cmd_cb_reset
 .text          0x0000000000000cf8       0x48 C:/ncs/v2.6.1/nrfxlib/softdevice_controller/lib/cortex-m4/soft-float/libsoftdevice_controller_central.a(libsoftdevice_controller_s123_debug_soft__obfuscated.elf)
 .text          0x0000000000000d40       0x4c C:/ncs/v2.6.1/nrfxlib/softdevice_controller/lib/cortex-m4/soft-float/libsoftdevice_controller_central.a(libsoftdevice_controller_s123_debug_soft__obfuscated.elf)
 .text          0x0000000000000d8c       0x44 C:/ncs/v2.6.1/nrfxlib/softdevice_controller/lib/cortex-m4/soft-float/libsoftdevice_controller_central.a(libsoftdevice_controller_s123_debug_soft__obfuscated.elf)
                0x0000000000000d8c                sym_HJGZHHO77JF3TGWELSVWDOZTFCPAWAJURCFG3IY
 .text          0x0000000000000dd0       0xa0 C:/ncs/v2.6.1/nrfxlib/softdevice_controller/lib/cortex-m4/soft-float/libsoftdevice_controller_central.a(libsoftdevice_controller_s123_debug_soft__obfuscated.elf)
                0x0000000000000dd0                sym_XU5SZFZBMUUCUDZEEMM4IFIEXSHIDIGLJZ253XA
 .text          0x0000000000000e70       0x68 C:/ncs/v2.6.1/nrfxlib/softdevice_controller/lib/cortex-m4/soft-float/libsoftdevice_controller_central.a(libsoftdevice_controller_s123_debug_soft__obfuscated.elf)
                0x0000000000000e70                sym_I7WU5FBNT4HUSKMI6IPMGZ2XXS2SREVHL7WVA5Q
 .text          0x0000000000000ed8       0x68 C:/ncs/v2.6.1/nrfxlib/softdevice_controller/lib/cortex-m4/soft-float/libsoftdevice_controller_central.a(libsoftdevice_controller_s123_debug_soft__obfuscated.elf)
                0x0000000000000ed8                sym_EQ53CEL7EDVHMFMHMFPRRQU46C5YKKFEBAACFOA
 .text          0x0000000000000f40       0x70 C:/ncs/v2.6.1/nrfxlib/softdevice_controller/lib/cortex-m4/soft-float/libsoftdevice_controller_central.a(libsoftdevice_controller_s123_debug_soft__obfuscated.elf)
                0x0000000000000f40                sym_DMJHGENWVWA7ILXIIOOHU6SYMMXUDCUFUUBACLQ
 .text          0x0000000000000fb0       0x2c C:/ncs/v2.6.1/nrfxlib/softdevice_controller/lib/cortex-m4/soft-float/libsoftdevice_controller_central.a(libsoftdevice_controller_s123_debug_soft__obfuscated.elf)
                0x0000000000000fb0                sym_5X75WALYYBUWN4XT5LYOZBIGSZHVNFKF5J4CSQI
 .text          0x0000000000000fdc       0x44 C:/ncs/v2.6.1/nrfxlib/softdevice_controller/lib/cortex-m4/soft-float/libsoftdevice_controller_central.a(libsoftdevice_controller_s123_debug_soft__obfuscated.elf)
                0x0000000000000fdc                sym_4AWF7EXI3MMHUULTY73E756U3IY5DEXOZ265MZY
 .text          0x0000000000001020       0x40 C:/ncs/v2.6.1/nrfxlib/softdevice_controller/lib/cortex-m4/soft-float/libsoftdevice_controller_central.a(libsoftdevice_controller_s123_debug_soft__obfuscated.elf)
                0x0000000000001020                sym_6I4XEOIW7LI2E3Z53L54ZHQQHYICXR4H4JQWXLA
 .text          0x0000000000001060       0x30 C:/ncs/v2.6.1/nrfxlib/softdevice_controller/lib/cortex-m4/soft-float/libsoftdevice_controller_central.a(libsoftdevice_controller_s123_debug_soft__obfuscated.elf)
                0x0000000000001060                sym_6DYG6C6ROXZA67GZINNB2XIQHL3KE2RCKK4QFXA
 .text          0x0000000000001090       0x84 C:/ncs/v2.6.1/nrfxlib/softdevice_controller/lib/cortex-m4/soft-float/libsoftdevice_controller_central.a(libsoftdevice_controller_s123_debug_soft__obfuscated.elf)
                0x0000000000001090                sym_24NU2MJKHN4R2Z7HXHMPDWTTDYSB32VL6HEQPZA
 .text          0x0000000000001114       0x28 C:/ncs/v2.6.1/nrfxlib/softdevice_controller/lib/cortex-m4/soft-float/libsoftdevice_controller_central.a(libsoftdevice_controller_s123_debug_soft__obfuscated.elf)
                0x0000000000001114                sym_3QFBRH4ZSIA64QP2I3K547Y5WIALGQTCBP5Y5SQ
 .text          0x000000000000113c        0xc C:/ncs/v2.6.1/nrfxlib/softdevice_controller/lib/cortex-m4/soft-float/libsoftdevice_controller_central.a(libsoftdevice_controller_s123_debug_soft__obfuscated.elf)
                0x000000000000113c                sym_NOQRMQ5IH6SQFJEPI5A3UBMITO54HG4WO4DTTXA
 .text          0x0000000000001148       0x44 C:/ncs/v2.6.1/nrfxlib/softdevice_controller/lib/cortex-m4/soft-float/libsoftdevice_controller_central.a(libsoftdevice_controller_s123_debug_soft__obfuscated.elf)
                0x0000000000001148                sym_JKTUFSDBLEJK3JCIOVWBB4AVHFNXLCVLU47RLVA
 .text          0x000000000000118c       0x10 C:/ncs/v2.6.1/nrfxlib/softdevice_controller/lib/cortex-m4/soft-float/libsoftdevice_controller_central.a(libsoftdevice_controller_s123_debug_soft__obfuscated.elf)
                0x000000000000118c                sym_2KMY2O5SI5PPAQCNJOFFAGVJQKWBRKEGNZW2ZHQ
 .text          0x000000000000119c        0xc C:/ncs/v2.6.1/nrfxlib/softdevice_controller/lib/cortex-m4/soft-float/libsoftdevice_controller_central.a(libsoftdevice_controller_s123_debug_soft__obfuscated.elf)
                0x000000000000119c                sym_GWOETDUP4AGSQI2MSVZQXBAMRLSGTNS7KFHSH6Q
 .text          0x00000000000011a8        0xc C:/ncs/v2.6.1/nrfxlib/softdevice_controller/lib/cortex-m4/soft-float/libsoftdevice_controller_central.a(libsoftdevice_controller_s123_debug_soft__obfuscated.elf)
                0x00000000000011a8                sym_T2QNNWUTM65WBDBLEARH7OL5MCXHDWSFLTDJXPA
 .text          0x00000000000011b4       0x5c C:/ncs/v2.6.1/nrfxlib/softdevice_controller/lib/cortex-m4/soft-float/libsoftdevice_controller_central.a(libsoftdevice_controller_s123_debug_soft__obfuscated.elf)
                0x00000000000011b4                sym_E5WZNPP2DINHF6K4PHXLYLX5AXTYBQYGQESRSGQ
 .text          0x0000000000001210       0x20 C:/ncs/v2.6.1/nrfxlib/softdevice_controller/lib/cortex-m4/soft-float/libsoftdevice_controller_central.a(libsoftdevice_controller_s123_debug_soft__obfuscated.elf)
 .text          0x0000000000001230       0x10 C:/ncs/v2.6.1/nrfxlib/softdevice_controller/lib/cortex-m4/soft-float/libsoftdevice_controller_central.a(libsoftdevice_controller_s123_debug_soft__obfuscated.elf)
 .text          0x0000000000001240        0xc C:/ncs/v2.6.1/nrfxlib/softdevice_controller/lib/cortex-m4/soft-float/libsoftdevice_controller_central.a(libsoftdevice_controller_s123_debug_soft__obfuscated.elf)
 .text          0x000000000000124c       0x50 C:/ncs/v2.6.1/nrfxlib/softdevice_controller/lib/cortex-m4/soft-float/libsoftdevice_controller_central.a(libsoftdevice_controller_s123_debug_soft__obfuscated.elf)
 .text          0x000000000000129c       0x14 C:/ncs/v2.6.1/nrfxlib/softdevice_controller/lib/cortex-m4/soft-float/libsoftdevice_controller_central.a(libsoftdevice_controller_s123_debug_soft__obfuscated.elf)
 .text          0x00000000000012b0      0x1a8 C:/ncs/v2.6.1/nrfxlib/softdevice_controller/lib/cortex-m4/soft-float/libsoftdevice_controller_central.a(libsoftdevice_controller_s123_debug_soft__obfuscated.elf)
 .text          0x0000000000001458       0x2c C:/ncs/v2.6.1/nrfxlib/softdevice_controller/lib/cortex-m4/soft-float/libsoftdevice_controller_central.a(libsoftdevice_controller_s123_debug_soft__obfuscated.elf)
 .text          0x0000000000001484      0x140 C:/ncs/v2.6.1/nrfxlib/softdevice_controller/lib/cortex-m4/soft-float/libsoftdevice_controller_central.a(libsoftdevice_controller_s123_debug_soft__obfuscated.elf)
 .text          0x00000000000015c4       0x18 C:/ncs/v2.6.1/nrfxlib/softdevice_controller/lib/cortex-m4/soft-float/libsoftdevice_controller_central.a(libsoftdevice_controller_s123_debug_soft__obfuscated.elf)
                0x00000000000015c4                sym_DOZBRJLK4YK3UIAPC27JGEBDCH5Y2BCX3XMRURY
 .text          0x00000000000015dc       0x3c C:/ncs/v2.6.1/nrfxlib/softdevice_controller/lib/cortex-m4/soft-float/libsoftdevice_controller_central.a(libsoftdevice_controller_s123_debug_soft__obfuscated.elf)
                0x00000000000015dc                sym_7TCX7VR3LQDB2G4LYUM4YUKX3ZVIO33J3JZVMKY
 .text          0x0000000000001618       0x10 C:/ncs/v2.6.1/nrfxlib/softdevice_controller/lib/cortex-m4/soft-float/libsoftdevice_controller_central.a(libsoftdevice_controller_s123_debug_soft__obfuscated.elf)
                0x0000000000001618                sym_DDEKRCVCBAV6DMR2JGOTTXJPMB6OW3IK3MJRV2Q
 .text          0x0000000000001628      0x1e4 C:/ncs/v2.6.1/nrfxlib/softdevice_controller/lib/cortex-m4/soft-float/libsoftdevice_controller_central.a(libsoftdevice_controller_s123_debug_soft__obfuscated.elf)
                0x0000000000001628                sym_EXF7QYQZRNDSXD5BXX5JHASOOMIXFF6ILEF5NVA
 .text          0x000000000000180c       0x44 C:/ncs/v2.6.1/nrfxlib/softdevice_controller/lib/cortex-m4/soft-float/libsoftdevice_controller_central.a(libsoftdevice_controller_s123_debug_soft__obfuscated.elf)
                0x000000000000180c                sym_6BTYZXVNYPYTH2WUVFE5C5JVTZHQJAJ5IGD6OCA
 .text          0x0000000000001850        0xc C:/ncs/v2.6.1/nrfxlib/softdevice_controller/lib/cortex-m4/soft-float/libsoftdevice_controller_central.a(libsoftdevice_controller_s123_debug_soft__obfuscated.elf)
                0x0000000000001850                sym_UAPFH34IEHUX3FGU7LNPEIJNCLAPRJP46TMN4NY
 .text          0x000000000000185c       0x88 C:/ncs/v2.6.1/nrfxlib/softdevice_controller/lib/cortex-m4/soft-float/libsoftdevice_controller_central.a(libsoftdevice_controller_s123_debug_soft__obfuscated.elf)
                0x000000000000185c                sym_C4ZAWP4QAOEKUKS7VCLA6E4RPDOWCDVMBYVKPFI
 .text          0x00000000000018e4      0x304 C:/ncs/v2.6.1/nrfxlib/softdevice_controller/lib/cortex-m4/soft-float/libsoftdevice_controller_central.a(libsoftdevice_controller_s123_debug_soft__obfuscated.elf)
 .text          0x0000000000001be8       0x10 C:/ncs/v2.6.1/nrfxlib/softdevice_controller/lib/cortex-m4/soft-float/libsoftdevice_controller_central.a(libsoftdevice_controller_s123_debug_soft__obfuscated.elf)
 .text          0x0000000000001bf8       0x14 C:/ncs/v2.6.1/nrfxlib/softdevice_controller/lib/cortex-m4/soft-float/libsoftdevice_controller_central.a(libsoftdevice_controller_s123_debug_soft__obfuscated.elf)
 .text          0x0000000000001c0c       0x20 C:/ncs/v2.6.1/nrfxlib/softdevice_controller/lib/cortex-m4/soft-float/libsoftdevice_controller_central.a(libsoftdevice_controller_s123_debug_soft__obfuscated.elf)
 .text          0x0000000000001c2c       0x10 C:/ncs/v2.6.1/nrfxlib/softdevice_controller/lib/cortex-m4/soft-float/libsoftdevice_controller_central.a(libsoftdevice_controller_s123_debug_soft__obfuscated.elf)
 .text          0x0000000000001c3c       0x84 C:/ncs/v2.6.1/nrfxlib/softdevice_controller/lib/cortex-m4/soft-float/libsoftdevice_controller_central.a(libsoftdevice_controller_s123_debug_soft__obfuscated.elf)
 .text          0x0000000000001cc0       0x10 C:/ncs/v2.6.1/nrfxlib/softdevice_controller/lib/cortex-m4/soft-float/libsoftdevice_controller_central.a(libsoftdevice_controller_s123_debug_soft__obfuscated.elf)
 .text          0x0000000000001cd0      0x164 C:/ncs/v2.6.1/nrfxlib/softdevice_controller/lib/cortex-m4/soft-float/libsoftdevice_controller_central.a(libsoftdevice_controller_s123_debug_soft__obfuscated.elf)
 .text          0x0000000000001e34       0x38 C:/ncs/v2.6.1/nrfxlib/softdevice_controller/lib/cortex-m4/soft-float/libsoftdevice_controller_central.a(libsoftdevice_controller_s123_debug_soft__obfuscated.elf)
 .text          0x0000000000001e6c       0xd8 C:/ncs/v2.6.1/nrfxlib/softdevice_controller/lib/cortex-m4/soft-float/libsoftdevice_controller_central.a(libsoftdevice_controller_s123_debug_soft__obfuscated.elf)
 .text          0x0000000000001f44       0x24 C:/ncs/v2.6.1/nrfxlib/softdevice_controller/lib/cortex-m4/soft-float/libsoftdevice_controller_central.a(libsoftdevice_controller_s123_debug_soft__obfuscated.elf)
 .text          0x0000000000001f68       0x94 C:/ncs/v2.6.1/nrfxlib/softdevice_controller/lib/cortex-m4/soft-float/libsoftdevice_controller_central.a(libsoftdevice_controller_s123_debug_soft__obfuscated.elf)
 .text          0x0000000000001ffc       0x44 C:/ncs/v2.6.1/nrfxlib/softdevice_controller/lib/cortex-m4/soft-float/libsoftdevice_controller_central.a(libsoftdevice_controller_s123_debug_soft__obfuscated.elf)
 .text          0x0000000000002040       0x4c C:/ncs/v2.6.1/nrfxlib/softdevice_controller/lib/cortex-m4/soft-float/libsoftdevice_controller_central.a(libsoftdevice_controller_s123_debug_soft__obfuscated.elf)
 .text          0x000000000000208c       0x20 C:/ncs/v2.6.1/nrfxlib/softdevice_controller/lib/cortex-m4/soft-float/libsoftdevice_controller_central.a(libsoftdevice_controller_s123_debug_soft__obfuscated.elf)
 .text          0x00000000000020ac       0x1c C:/ncs/v2.6.1/nrfxlib/softdevice_controller/lib/cortex-m4/soft-float/libsoftdevice_controller_central.a(libsoftdevice_controller_s123_debug_soft__obfuscated.elf)
 .text          0x00000000000020c8       0x70 C:/ncs/v2.6.1/nrfxlib/softdevice_controller/lib/cortex-m4/soft-float/libsoftdevice_controller_central.a(libsoftdevice_controller_s123_debug_soft__obfuscated.elf)
 .text          0x0000000000002138       0x4c C:/ncs/v2.6.1/nrfxlib/softdevice_controller/lib/cortex-m4/soft-float/libsoftdevice_controller_central.a(libsoftdevice_controller_s123_debug_soft__obfuscated.elf)
 .text          0x0000000000002184       0x30 C:/ncs/v2.6.1/nrfxlib/softdevice_controller/lib/cortex-m4/soft-float/libsoftdevice_controller_central.a(libsoftdevice_controller_s123_debug_soft__obfuscated.elf)
 .text          0x00000000000021b4       0x50 C:/ncs/v2.6.1/nrfxlib/softdevice_controller/lib/cortex-m4/soft-float/libsoftdevice_controller_central.a(libsoftdevice_controller_s123_debug_soft__obfuscated.elf)
 .text          0x0000000000002204       0x1c C:/ncs/v2.6.1/nrfxlib/softdevice_controller/lib/cortex-m4/soft-float/libsoftdevice_controller_central.a(libsoftdevice_controller_s123_debug_soft__obfuscated.elf)
 .text          0x0000000000002220      0x118 C:/ncs/v2.6.1/nrfxlib/softdevice_controller/lib/cortex-m4/soft-float/libsoftdevice_controller_central.a(libsoftdevice_controller_s123_debug_soft__obfuscated.elf)
 .text          0x0000000000002338       0x98 C:/ncs/v2.6.1/nrfxlib/softdevice_controller/lib/cortex-m4/soft-float/libsoftdevice_controller_central.a(libsoftdevice_controller_s123_debug_soft__obfuscated.elf)
 .text          0x00000000000023d0       0x30 C:/ncs/v2.6.1/nrfxlib/softdevice_controller/lib/cortex-m4/soft-float/libsoftdevice_controller_central.a(libsoftdevice_controller_s123_debug_soft__obfuscated.elf)
 .text          0x0000000000002400      0x424 C:/ncs/v2.6.1/nrfxlib/softdevice_controller/lib/cortex-m4/soft-float/libsoftdevice_controller_central.a(libsoftdevice_controller_s123_debug_soft__obfuscated.elf)
 .text          0x0000000000002824      0x114 C:/ncs/v2.6.1/nrfxlib/softdevice_controller/lib/cortex-m4/soft-float/libsoftdevice_controller_central.a(libsoftdevice_controller_s123_debug_soft__obfuscated.elf)
 .text          0x0000000000002938       0x14 C:/ncs/v2.6.1/nrfxlib/softdevice_controller/lib/cortex-m4/soft-float/libsoftdevice_controller_central.a(libsoftdevice_controller_s123_debug_soft__obfuscated.elf)
                0x0000000000002938                sym_FLBXO3C2TGTXVEYELOG5B33ZBUVUNXUU6YZL7TY
 .text          0x000000000000294c       0x10 C:/ncs/v2.6.1/nrfxlib/softdevice_controller/lib/cortex-m4/soft-float/libsoftdevice_controller_central.a(libsoftdevice_controller_s123_debug_soft__obfuscated.elf)
                0x000000000000294c                sym_TNTVRUTCX6QDICT5SCWQINK5TBPSWJENFWCYQCI
 .text          0x000000000000295c       0x30 C:/ncs/v2.6.1/nrfxlib/softdevice_controller/lib/cortex-m4/soft-float/libsoftdevice_controller_central.a(libsoftdevice_controller_s123_debug_soft__obfuscated.elf)
                0x000000000000295c                sym_MSYMIWR3PI6HXHUAZX2P7HGFCTCK3HSW5N3BC2A
 .text          0x000000000000298c       0x14 C:/ncs/v2.6.1/nrfxlib/softdevice_controller/lib/cortex-m4/soft-float/libsoftdevice_controller_central.a(libsoftdevice_controller_s123_debug_soft__obfuscated.elf)
                0x000000000000298c                sym_K7SQKMVWESLZUZE22L4CEOMCL4JSVJET4SYEPLI
 .text          0x00000000000029a0       0x38 C:/ncs/v2.6.1/nrfxlib/softdevice_controller/lib/cortex-m4/soft-float/libsoftdevice_controller_central.a(libsoftdevice_controller_s123_debug_soft__obfuscated.elf)
                0x00000000000029a0                sym_MVPTAXVMKKJKZSZY7URPZXTLDWW3HFU23KIS2JY
 .text          0x00000000000029d8       0x10 C:/ncs/v2.6.1/nrfxlib/softdevice_controller/lib/cortex-m4/soft-float/libsoftdevice_controller_central.a(libsoftdevice_controller_s123_debug_soft__obfuscated.elf)
                0x00000000000029d8                sym_KTO2H4NDIYSSQUUKE3NMMN4YAJAKAHZE3TQVHOY
 .text          0x00000000000029e8        0xc C:/ncs/v2.6.1/nrfxlib/softdevice_controller/lib/cortex-m4/soft-float/libsoftdevice_controller_central.a(libsoftdevice_controller_s123_debug_soft__obfuscated.elf)
                0x00000000000029e8                sym_2QCSOYKJNF32ZBJORU6CJN7O5NDB7M3GD4LTM7A
 .text          0x00000000000029f4       0x48 C:/ncs/v2.6.1/nrfxlib/softdevice_controller/lib/cortex-m4/soft-float/libsoftdevice_controller_central.a(libsoftdevice_controller_s123_debug_soft__obfuscated.elf)
                0x00000000000029f4                sym_CWCJBYNEE73YTWZDQ2FWMB5MOYKQIAA5AHOKAEI
 .text          0x0000000000002a3c       0x18 C:/ncs/v2.6.1/nrfxlib/softdevice_controller/lib/cortex-m4/soft-float/libsoftdevice_controller_central.a(libsoftdevice_controller_s123_debug_soft__obfuscated.elf)
                0x0000000000002a3c                sym_MWLD7ADI4DKLCCAP7TV4Z4ALM2E7XBXHCX6LARQ
 .text          0x0000000000002a54        0xc C:/ncs/v2.6.1/nrfxlib/softdevice_controller/lib/cortex-m4/soft-float/libsoftdevice_controller_central.a(libsoftdevice_controller_s123_debug_soft__obfuscated.elf)
                0x0000000000002a54                sym_WYXBJE6NWBKILRWDCM2MMYJSSQVAUS4Y4CIL3JA
 .text          0x0000000000002a60       0x6c C:/ncs/v2.6.1/nrfxlib/softdevice_controller/lib/cortex-m4/soft-float/libsoftdevice_controller_central.a(libsoftdevice_controller_s123_debug_soft__obfuscated.elf)
                0x0000000000002a60                sym_CAWX7VFIWXNZLGUALKXHPOWKG5OUKQTCDAWDIJQ
 .text          0x0000000000002acc       0x1c C:/ncs/v2.6.1/nrfxlib/softdevice_controller/lib/cortex-m4/soft-float/libsoftdevice_controller_central.a(libsoftdevice_controller_s123_debug_soft__obfuscated.elf)
                0x0000000000002acc                sym_HTKBM4AXPDDAEAMJNV3SEGKNDOKHE4XGMB7II5Q
 .text          0x0000000000002ae8       0x3c C:/ncs/v2.6.1/nrfxlib/softdevice_controller/lib/cortex-m4/soft-float/libsoftdevice_controller_central.a(libsoftdevice_controller_s123_debug_soft__obfuscated.elf)
                0x0000000000002ae8                sym_DKYSP3NMOGW5WL2AN37B2ETSQMQQZYB63CFPVXY
 .text          0x0000000000002b24       0x3c C:/ncs/v2.6.1/nrfxlib/softdevice_controller/lib/cortex-m4/soft-float/libsoftdevice_controller_central.a(libsoftdevice_controller_s123_debug_soft__obfuscated.elf)
                0x0000000000002b24                sym_IRV7IF6I52F3HYHZNFCDRHHNP7EOMECHNPGJUGI
 .text          0x0000000000002b60       0x14 C:/ncs/v2.6.1/nrfxlib/softdevice_controller/lib/cortex-m4/soft-float/libsoftdevice_controller_central.a(libsoftdevice_controller_s123_debug_soft__obfuscated.elf)
                0x0000000000002b60                sym_UNILPC3WRTR35RH7UOHDW2CBEPUWSJ7EITIV3ZY
 .text          0x0000000000002b74       0x10 C:/ncs/v2.6.1/nrfxlib/softdevice_controller/lib/cortex-m4/soft-float/libsoftdevice_controller_central.a(libsoftdevice_controller_s123_debug_soft__obfuscated.elf)
                0x0000000000002b74                sym_VK3LYWW654ZNWB44W7VFNFGOUDPRKIGF72NOIJQ
 .text          0x0000000000002b84       0x30 C:/ncs/v2.6.1/nrfxlib/softdevice_controller/lib/cortex-m4/soft-float/libsoftdevice_controller_central.a(libsoftdevice_controller_s123_debug_soft__obfuscated.elf)
                0x0000000000002b84                sym_2P3U35PVPGI22WKCAIMTRDZZMPBUUYDSHVM74OA
 .text          0x0000000000002bb4        0xc C:/ncs/v2.6.1/nrfxlib/softdevice_controller/lib/cortex-m4/soft-float/libsoftdevice_controller_central.a(libsoftdevice_controller_s123_debug_soft__obfuscated.elf)
                0x0000000000002bb4                sym_C6DXC74AFTZZCXMRWBEAHQAQL3FVDNYSC45JP5Q
 .text          0x0000000000002bc0       0x3c C:/ncs/v2.6.1/nrfxlib/softdevice_controller/lib/cortex-m4/soft-float/libsoftdevice_controller_central.a(libsoftdevice_controller_s123_debug_soft__obfuscated.elf)
                0x0000000000002bc0                sym_SPOA75Q2J6LVU6OSBDIHNSVXF4UIA7YYLMJNW6Y
 .text          0x0000000000002bfc       0x34 C:/ncs/v2.6.1/nrfxlib/softdevice_controller/lib/cortex-m4/soft-float/libsoftdevice_controller_central.a(libsoftdevice_controller_s123_debug_soft__obfuscated.elf)
                0x0000000000002bfc                sym_Y3LLBAILR6W7PLNIFAS76NKLAMZYWOKXIQMSIJY
 .text          0x0000000000002c30       0x84 C:/ncs/v2.6.1/nrfxlib/softdevice_controller/lib/cortex-m4/soft-float/libsoftdevice_controller_central.a(libsoftdevice_controller_s123_debug_soft__obfuscated.elf)
                0x0000000000002c30                sym_DT76CGJPKTZTBYTJ74CI3APDNUWUPZSXP2BUGWY
 .text          0x0000000000002cb4       0x38 C:/ncs/v2.6.1/nrfxlib/softdevice_controller/lib/cortex-m4/soft-float/libsoftdevice_controller_central.a(libsoftdevice_controller_s123_debug_soft__obfuscated.elf)
                0x0000000000002cb4                sym_NN7F2AFPNY6STZCCSXFBV5372QVP4U2ULKNO6YY
 .text          0x0000000000002cec        0x8 C:/ncs/v2.6.1/nrfxlib/softdevice_controller/lib/cortex-m4/soft-float/libsoftdevice_controller_central.a(libsoftdevice_controller_s123_debug_soft__obfuscated.elf)
                0x0000000000002cec                sym_LSVSDRPU6I3TDCLLOUEM2V2AVGSQ7RX4GJRYLGY
 .text          0x0000000000002cf4       0x30 C:/ncs/v2.6.1/nrfxlib/softdevice_controller/lib/cortex-m4/soft-float/libsoftdevice_controller_central.a(libsoftdevice_controller_s123_debug_soft__obfuscated.elf)
                0x0000000000002cf4                sym_E2CRP72QBQBK56N4JLXHAC3TVB4DCKBR4JCPWZI
 .text          0x0000000000002d24      0x1a4 C:/ncs/v2.6.1/nrfxlib/softdevice_controller/lib/cortex-m4/soft-float/libsoftdevice_controller_central.a(libsoftdevice_controller_s123_debug_soft__obfuscated.elf)
 .text          0x0000000000002ec8      0x118 C:/ncs/v2.6.1/nrfxlib/softdevice_controller/lib/cortex-m4/soft-float/libsoftdevice_controller_central.a(libsoftdevice_controller_s123_debug_soft__obfuscated.elf)
                0x0000000000002ec8                sym_APQBQYVRLINLVCFXLBBEITGXGOI22AKEZA4TBXI
 .text          0x0000000000002fe0       0xb0 C:/ncs/v2.6.1/nrfxlib/softdevice_controller/lib/cortex-m4/soft-float/libsoftdevice_controller_central.a(libsoftdevice_controller_s123_debug_soft__obfuscated.elf)
                0x0000000000002fe0                sym_O5OKVEPVXGQWULJQT7IB7WKP5SOAFRRRLE3UUPI
 .text          0x0000000000003090       0x14 C:/ncs/v2.6.1/nrfxlib/softdevice_controller/lib/cortex-m4/soft-float/libsoftdevice_controller_central.a(libsoftdevice_controller_s123_debug_soft__obfuscated.elf)
 .text          0x00000000000030a4       0x1c C:/ncs/v2.6.1/nrfxlib/softdevice_controller/lib/cortex-m4/soft-float/libsoftdevice_controller_central.a(libsoftdevice_controller_s123_debug_soft__obfuscated.elf)
 .text          0x00000000000030c0       0x50 C:/ncs/v2.6.1/nrfxlib/softdevice_controller/lib/cortex-m4/soft-float/libsoftdevice_controller_central.a(libsoftdevice_controller_s123_debug_soft__obfuscated.elf)
 .text          0x0000000000003110       0x38 C:/ncs/v2.6.1/nrfxlib/softdevice_controller/lib/cortex-m4/soft-float/libsoftdevice_controller_central.a(libsoftdevice_controller_s123_debug_soft__obfuscated.elf)
 .text          0x0000000000003148       0x30 C:/ncs/v2.6.1/nrfxlib/softdevice_controller/lib/cortex-m4/soft-float/libsoftdevice_controller_central.a(libsoftdevice_controller_s123_debug_soft__obfuscated.elf)
 .text          0x0000000000003178       0x3c C:/ncs/v2.6.1/nrfxlib/softdevice_controller/lib/cortex-m4/soft-float/libsoftdevice_controller_central.a(libsoftdevice_controller_s123_debug_soft__obfuscated.elf)
 .text          0x00000000000031b4       0x98 C:/ncs/v2.6.1/nrfxlib/softdevice_controller/lib/cortex-m4/soft-float/libsoftdevice_controller_central.a(libsoftdevice_controller_s123_debug_soft__obfuscated.elf)
 .text          0x000000000000324c      0x3a8 C:/ncs/v2.6.1/nrfxlib/softdevice_controller/lib/cortex-m4/soft-float/libsoftdevice_controller_central.a(libsoftdevice_controller_s123_debug_soft__obfuscated.elf)
 .text          0x00000000000035f4       0xfc C:/ncs/v2.6.1/nrfxlib/softdevice_controller/lib/cortex-m4/soft-float/libsoftdevice_controller_central.a(libsoftdevice_controller_s123_debug_soft__obfuscated.elf)
 .text          0x00000000000036f0       0x6c C:/ncs/v2.6.1/nrfxlib/softdevice_controller/lib/cortex-m4/soft-float/libsoftdevice_controller_central.a(libsoftdevice_controller_s123_debug_soft__obfuscated.elf)
                0x00000000000036f0                sym_Q2F2U6CZWIZT5YZN73XVBXN5RQLCGTRVRP74TUQ
 .text          0x000000000000375c       0x84 C:/ncs/v2.6.1/nrfxlib/softdevice_controller/lib/cortex-m4/soft-float/libsoftdevice_controller_central.a(libsoftdevice_controller_s123_debug_soft__obfuscated.elf)
                0x000000000000375c                sym_FOQ3QPGOR6JQQMW2UGNYKWNNYYOKZLMCFF3HUQI
 .text          0x00000000000037e0       0x44 C:/ncs/v2.6.1/nrfxlib/softdevice_controller/lib/cortex-m4/soft-float/libsoftdevice_controller_central.a(libsoftdevice_controller_s123_debug_soft__obfuscated.elf)
                0x00000000000037e0                sym_55O3MNUIQHFB3ZIFUNFWN7FWVNGYLI4M2WMX5NQ
 .text          0x0000000000003824       0x38 C:/ncs/v2.6.1/nrfxlib/softdevice_controller/lib/cortex-m4/soft-float/libsoftdevice_controller_central.a(libsoftdevice_controller_s123_debug_soft__obfuscated.elf)
                0x0000000000003824                sym_CEIRMF45E42FC47RKIFGTU36Z7XGQCJUDSF57LQ
 .text          0x000000000000385c       0x2c C:/ncs/v2.6.1/nrfxlib/softdevice_controller/lib/cortex-m4/soft-float/libsoftdevice_controller_central.a(libsoftdevice_controller_s123_debug_soft__obfuscated.elf)
                0x000000000000385c                sym_ONCJZGDCVZ7ETEDMUY5VMUUWXXIFFJBUOZSJQ3Q
 .text          0x0000000000003888       0x74 C:/ncs/v2.6.1/nrfxlib/softdevice_controller/lib/cortex-m4/soft-float/libsoftdevice_controller_central.a(libsoftdevice_controller_s123_debug_soft__obfuscated.elf)
                0x0000000000003888                sym_4SBBLL64WWP4ZG5OZI4AZRNE5QSDGST5WG4LTOA
 .text          0x00000000000038fc       0x10 C:/ncs/v2.6.1/nrfxlib/softdevice_controller/lib/cortex-m4/soft-float/libsoftdevice_controller_central.a(libsoftdevice_controller_s123_debug_soft__obfuscated.elf)
                0x00000000000038fc                sym_GM7QU7LP6UH4DZPOIR7WHUEKZSOPEOATHYRRTQI
 .text          0x000000000000390c       0x68 C:/ncs/v2.6.1/nrfxlib/softdevice_controller/lib/cortex-m4/soft-float/libsoftdevice_controller_central.a(libsoftdevice_controller_s123_debug_soft__obfuscated.elf)
                0x000000000000390c                sym_FWBDPDM7VY7WBRWZ3WP5JROXJKUZAWVORDIS6GI
 .text          0x0000000000003974       0x44 C:/ncs/v2.6.1/nrfxlib/softdevice_controller/lib/cortex-m4/soft-float/libsoftdevice_controller_central.a(libsoftdevice_controller_s123_debug_soft__obfuscated.elf)
                0x0000000000003974                sym_KBLYJZQ5R2WICKGMMMTOVLLRNIVEKRPHH44ZWLQ
 .text          0x00000000000039b8      0x108 C:/ncs/v2.6.1/nrfxlib/softdevice_controller/lib/cortex-m4/soft-float/libsoftdevice_controller_central.a(libsoftdevice_controller_s123_debug_soft__obfuscated.elf)
                0x00000000000039b8                sym_BAQ6XKIJ2DDNHUPTZJSMTWD7KTOEUEG7XPMPCIA
 .text          0x0000000000003ac0        0xc C:/ncs/v2.6.1/nrfxlib/softdevice_controller/lib/cortex-m4/soft-float/libsoftdevice_controller_central.a(libsoftdevice_controller_s123_debug_soft__obfuscated.elf)
                0x0000000000003ac0                sym_6A56LMFOW5CXUIKYPP4TFUBTCQL6RLVLTWUNNWQ
 .text          0x0000000000003acc       0x80 C:/ncs/v2.6.1/nrfxlib/softdevice_controller/lib/cortex-m4/soft-float/libsoftdevice_controller_central.a(libsoftdevice_controller_s123_debug_soft__obfuscated.elf)
 .text          0x0000000000003b4c       0x38 C:/ncs/v2.6.1/nrfxlib/softdevice_controller/lib/cortex-m4/soft-float/libsoftdevice_controller_central.a(libsoftdevice_controller_s123_debug_soft__obfuscated.elf)
 .text          0x0000000000003b84      0x164 C:/ncs/v2.6.1/nrfxlib/softdevice_controller/lib/cortex-m4/soft-float/libsoftdevice_controller_central.a(libsoftdevice_controller_s123_debug_soft__obfuscated.elf)
 .text          0x0000000000003ce8       0xe8 C:/ncs/v2.6.1/nrfxlib/softdevice_controller/lib/cortex-m4/soft-float/libsoftdevice_controller_central.a(libsoftdevice_controller_s123_debug_soft__obfuscated.elf)
 .text          0x0000000000003dd0       0x10 C:/ncs/v2.6.1/nrfxlib/softdevice_controller/lib/cortex-m4/soft-float/libsoftdevice_controller_central.a(libsoftdevice_controller_s123_debug_soft__obfuscated.elf)
                0x0000000000003dd0                sym_R2R62GLIY7S3OCJMRDPIB4TBZFUG2AN7TI7ERPI
 .text          0x0000000000003de0        0xc C:/ncs/v2.6.1/nrfxlib/softdevice_controller/lib/cortex-m4/soft-float/libsoftdevice_controller_central.a(libsoftdevice_controller_s123_debug_soft__obfuscated.elf)
                0x0000000000003de0                sym_O5ZKMVYIIKH3EAJRECXZFOUFXDW4MCMBS67KZZI
 .text          0x0000000000003dec       0x48 C:/ncs/v2.6.1/nrfxlib/softdevice_controller/lib/cortex-m4/soft-float/libsoftdevice_controller_central.a(libsoftdevice_controller_s123_debug_soft__obfuscated.elf)
                0x0000000000003dec                sym_5ZBAGF5IPZJLTC3H62ZY4U4SW6MV7I4QJW2DD3I
 .text          0x0000000000003e34       0x20 C:/ncs/v2.6.1/nrfxlib/softdevice_controller/lib/cortex-m4/soft-float/libsoftdevice_controller_central.a(libsoftdevice_controller_s123_debug_soft__obfuscated.elf)
                0x0000000000003e34                sym_SVA6DLBGPY6XV2V2F4HOMHWDPSDIRD722L2FDEI
 .text          0x0000000000003e54       0x84 C:/ncs/v2.6.1/nrfxlib/softdevice_controller/lib/cortex-m4/soft-float/libsoftdevice_controller_central.a(libsoftdevice_controller_s123_debug_soft__obfuscated.elf)
                0x0000000000003e54                sym_75TAEO5RFHKNVZFZHMOMYUKRALUIDEKJ3QZBZUI
 .text          0x0000000000003ed8        0xc C:/ncs/v2.6.1/nrfxlib/softdevice_controller/lib/cortex-m4/soft-float/libsoftdevice_controller_central.a(libsoftdevice_controller_s123_debug_soft__obfuscated.elf)
                0x0000000000003ed8                sym_P52EVHQKGJ5EMXHU27BFVEFSO6ZMLSI4P52LQDA
 .text          0x0000000000003ee4       0x18 C:/ncs/v2.6.1/nrfxlib/softdevice_controller/lib/cortex-m4/soft-float/libsoftdevice_controller_central.a(libsoftdevice_controller_s123_debug_soft__obfuscated.elf)
                0x0000000000003ee4                sym_GWAYX66NWSVNQ3OHE5BQRMOI6IRTYM6NL6TBSRQ
 .text          0x0000000000003efc       0x1c C:/ncs/v2.6.1/nrfxlib/softdevice_controller/lib/cortex-m4/soft-float/libsoftdevice_controller_central.a(libsoftdevice_controller_s123_debug_soft__obfuscated.elf)
                0x0000000000003efc                sym_WQEYNQYPTFH4BI2WPULDBBECIY2RT3HWWUCSKNI
 .text          0x0000000000003f18       0x38 C:/ncs/v2.6.1/nrfxlib/softdevice_controller/lib/cortex-m4/soft-float/libsoftdevice_controller_central.a(libsoftdevice_controller_s123_debug_soft__obfuscated.elf)
                0x0000000000003f18                sym_ZKPLK624IRELGER42R2ZHKGWJUXMU6RHHHTNAQY
 .text          0x0000000000003f50       0x48 C:/ncs/v2.6.1/nrfxlib/softdevice_controller/lib/cortex-m4/soft-float/libsoftdevice_controller_central.a(libsoftdevice_controller_s123_debug_soft__obfuscated.elf)
                0x0000000000003f50                sym_O6XGUO2YE6EJZ7P2GIXT7NMMWYUEBQ4F3KREAXA
 .text          0x0000000000003f98        0xc C:/ncs/v2.6.1/nrfxlib/softdevice_controller/lib/cortex-m4/soft-float/libsoftdevice_controller_central.a(libsoftdevice_controller_s123_debug_soft__obfuscated.elf)
                0x0000000000003f98                sym_KN3K6STNQWQWR2LORBLVX4RFT5RXJO5L5JNKV4I
 .text          0x0000000000003fa4       0x14 C:/ncs/v2.6.1/nrfxlib/softdevice_controller/lib/cortex-m4/soft-float/libsoftdevice_controller_central.a(libsoftdevice_controller_s123_debug_soft__obfuscated.elf)
                0x0000000000003fa4                sym_WVUR7FIOL24MFCJHZIBLTPA7O44X57VSRLSLAPQ
 .text          0x0000000000003fb8       0x34 C:/ncs/v2.6.1/nrfxlib/softdevice_controller/lib/cortex-m4/soft-float/libsoftdevice_controller_central.a(libsoftdevice_controller_s123_debug_soft__obfuscated.elf)
                0x0000000000003fb8                sym_JEWVWUVPPBKFY6NTG3STLQ3KWMWEBIH34A75HKI
 .text          0x0000000000003fec       0x40 C:/ncs/v2.6.1/nrfxlib/softdevice_controller/lib/cortex-m4/soft-float/libsoftdevice_controller_central.a(libsoftdevice_controller_s123_debug_soft__obfuscated.elf)
                0x0000000000003fec                sym_LFMV7ZPMP2MCCNFNC4U7QQJ547VTI3Z5P2EL4WQ
 .text          0x000000000000402c       0xa0 C:/ncs/v2.6.1/nrfxlib/softdevice_controller/lib/cortex-m4/soft-float/libsoftdevice_controller_central.a(libsoftdevice_controller_s123_debug_soft__obfuscated.elf)
                0x000000000000402c                sym_CRB5YCB3Z3AAZH7A5G7WM2JFASUE6SGAJROBYAA
 .text          0x00000000000040cc       0x54 C:/ncs/v2.6.1/nrfxlib/softdevice_controller/lib/cortex-m4/soft-float/libsoftdevice_controller_central.a(libsoftdevice_controller_s123_debug_soft__obfuscated.elf)
                0x00000000000040cc                sym_DOABKABWEXEJSA2H5Z2UO6MFQES34UYN7XL6GMA
 .text          0x0000000000004120       0x60 C:/ncs/v2.6.1/nrfxlib/softdevice_controller/lib/cortex-m4/soft-float/libsoftdevice_controller_central.a(libsoftdevice_controller_s123_debug_soft__obfuscated.elf)
                0x0000000000004120                sym_HRCF6LWSDWPWEZA7S5YQFCNRDXXCJA6WGOZECRY
 .text          0x0000000000004180       0xc8 C:/ncs/v2.6.1/nrfxlib/softdevice_controller/lib/cortex-m4/soft-float/libsoftdevice_controller_central.a(libsoftdevice_controller_s123_debug_soft__obfuscated.elf)
                0x0000000000004180                sym_7OWCT6RQNC7NMJTETN4SHKZQ2DXHZYW5I4QMKDQ
 .text          0x0000000000004248       0x4c C:/ncs/v2.6.1/nrfxlib/softdevice_controller/lib/cortex-m4/soft-float/libsoftdevice_controller_central.a(libsoftdevice_controller_s123_debug_soft__obfuscated.elf)
                0x0000000000004248                sym_RGKYP5TXYS27EGT6ZHZS5EDDAZK5QGTWLBOBJEA
 .text          0x0000000000004294       0x18 C:/ncs/v2.6.1/nrfxlib/softdevice_controller/lib/cortex-m4/soft-float/libsoftdevice_controller_central.a(libsoftdevice_controller_s123_debug_soft__obfuscated.elf)
                0x0000000000004294                sym_5EMU3BEOS6JCQEXTZ5M5LP72YGJNCV3W3R43AOI
 .text          0x00000000000042ac        0xc C:/ncs/v2.6.1/nrfxlib/softdevice_controller/lib/cortex-m4/soft-float/libsoftdevice_controller_central.a(libsoftdevice_controller_s123_debug_soft__obfuscated.elf)
                0x00000000000042ac                sym_UY577SX5HIKP7SN7G6RHWTFDXAXFXXF32S4VJUA
 .text          0x00000000000042b8       0x14 C:/ncs/v2.6.1/nrfxlib/softdevice_controller/lib/cortex-m4/soft-float/libsoftdevice_controller_central.a(libsoftdevice_controller_s123_debug_soft__obfuscated.elf)
                0x00000000000042b8                sym_Y5RIWFUVP4FHJFYC7FBZKM2MV7INK43TLWQ5URA
 .text          0x00000000000042cc       0x60 C:/ncs/v2.6.1/nrfxlib/softdevice_controller/lib/cortex-m4/soft-float/libsoftdevice_controller_central.a(libsoftdevice_controller_s123_debug_soft__obfuscated.elf)
                0x00000000000042cc                sym_CY3FVUNSUUR4I46K644NW3FXSFSLG3ETQWBRBHQ
 .text          0x000000000000432c       0x30 C:/ncs/v2.6.1/nrfxlib/softdevice_controller/lib/cortex-m4/soft-float/libsoftdevice_controller_central.a(libsoftdevice_controller_s123_debug_soft__obfuscated.elf)
                0x000000000000432c                sym_JYVNTINWWHBNIBW6ZPFJYFKZBQTI25EUE75U36Y
 .text          0x000000000000435c       0x14 C:/ncs/v2.6.1/nrfxlib/softdevice_controller/lib/cortex-m4/soft-float/libsoftdevice_controller_central.a(libsoftdevice_controller_s123_debug_soft__obfuscated.elf)
                0x000000000000435c                sym_THL6EKGE7AKTO5JDGU45MV33YSIXORBRMDECS2Q
 .text          0x0000000000004370       0x5c C:/ncs/v2.6.1/nrfxlib/softdevice_controller/lib/cortex-m4/soft-float/libsoftdevice_controller_central.a(libsoftdevice_controller_s123_debug_soft__obfuscated.elf)
                0x0000000000004370                sym_4POEZKL66A5T3356722OWKNB5CNFKPMV6JI3HEA
 .text          0x00000000000043cc       0x58 C:/ncs/v2.6.1/nrfxlib/softdevice_controller/lib/cortex-m4/soft-float/libsoftdevice_controller_central.a(libsoftdevice_controller_s123_debug_soft__obfuscated.elf)
                0x00000000000043cc                sym_IP3LLUNJTDBIIPB3UG65MJFJZABGVNT2GN3EQPY
 .text          0x0000000000004424      0x158 C:/ncs/v2.6.1/nrfxlib/softdevice_controller/lib/cortex-m4/soft-float/libsoftdevice_controller_central.a(libsoftdevice_controller_s123_debug_soft__obfuscated.elf)
                0x0000000000004424                sym_CNVWBND3CKNA7X75YYI34DQVJHIIO67GC5L2TOA
 .text          0x000000000000457c       0x5c C:/ncs/v2.6.1/nrfxlib/softdevice_controller/lib/cortex-m4/soft-float/libsoftdevice_controller_central.a(libsoftdevice_controller_s123_debug_soft__obfuscated.elf)
                0x000000000000457c                sym_B53ULTNRMKMM2752DLWCII2MNWMNLLOI2TCFUOA
 .text          0x00000000000045d8      0x3c4 C:/ncs/v2.6.1/nrfxlib/softdevice_controller/lib/cortex-m4/soft-float/libsoftdevice_controller_central.a(libsoftdevice_controller_s123_debug_soft__obfuscated.elf)
                0x00000000000045d8                sym_WOLK7J5ES7P57ZMVXNQUWAYV6XJ7AZYSV3TL56A
 .text          0x000000000000499c       0xc4 C:/ncs/v2.6.1/nrfxlib/softdevice_controller/lib/cortex-m4/soft-float/libsoftdevice_controller_central.a(libsoftdevice_controller_s123_debug_soft__obfuscated.elf)
                0x000000000000499c                sym_OVTAYAIM2HXXC4KB536GUWKDN6XBONTMDU2FIEA
 .text          0x0000000000004a60       0x2c C:/ncs/v2.6.1/nrfxlib/softdevice_controller/lib/cortex-m4/soft-float/libsoftdevice_controller_central.a(libsoftdevice_controller_s123_debug_soft__obfuscated.elf)
                0x0000000000004a60                sym_XQWU4MX22DPQIRRYTXBNWTH2DBYK7MH33FME7FI
 .text          0x0000000000004a8c       0x10 C:/ncs/v2.6.1/nrfxlib/softdevice_controller/lib/cortex-m4/soft-float/libsoftdevice_controller_central.a(libsoftdevice_controller_s123_debug_soft__obfuscated.elf)
                0x0000000000004a8c                sym_DVVOECRRYK6EAGDREB2UKKQZT5MAOOUK66XNPTA
 .text          0x0000000000004a9c       0x10 C:/ncs/v2.6.1/nrfxlib/softdevice_controller/lib/cortex-m4/soft-float/libsoftdevice_controller_central.a(libsoftdevice_controller_s123_debug_soft__obfuscated.elf)
                0x0000000000004a9c                sym_XSHSAOHXV6VAKS5XQAWAQ7Z3CGRIXZNSZFISASA
 .text          0x0000000000004aac       0x18 C:/ncs/v2.6.1/nrfxlib/softdevice_controller/lib/cortex-m4/soft-float/libsoftdevice_controller_central.a(libsoftdevice_controller_s123_debug_soft__obfuscated.elf)
                0x0000000000004aac                sym_CTIZP4PFSP4VPO64SY4WNQXXAO6AQ4FBRX2MZ2Y
 .text          0x0000000000004ac4       0x1c C:/ncs/v2.6.1/nrfxlib/softdevice_controller/lib/cortex-m4/soft-float/libsoftdevice_controller_central.a(libsoftdevice_controller_s123_debug_soft__obfuscated.elf)
                0x0000000000004ac4                sym_PHIWMC5UC4THFNN3JWADQQGKAR6W5FGB3VIFNJQ
 .text          0x0000000000004ae0       0x24 C:/ncs/v2.6.1/nrfxlib/softdevice_controller/lib/cortex-m4/soft-float/libsoftdevice_controller_central.a(libsoftdevice_controller_s123_debug_soft__obfuscated.elf)
 .text          0x0000000000004b04       0x30 C:/ncs/v2.6.1/nrfxlib/softdevice_controller/lib/cortex-m4/soft-float/libsoftdevice_controller_central.a(libsoftdevice_controller_s123_debug_soft__obfuscated.elf)
 .text          0x0000000000004b34       0x38 C:/ncs/v2.6.1/nrfxlib/softdevice_controller/lib/cortex-m4/soft-float/libsoftdevice_controller_central.a(libsoftdevice_controller_s123_debug_soft__obfuscated.elf)
                0x0000000000004b34                sym_XUBYH6XGZLLFFVYC6KQVA5MFJUUESCU2IF7KXFI
 .text          0x0000000000004b6c       0x2c C:/ncs/v2.6.1/nrfxlib/softdevice_controller/lib/cortex-m4/soft-float/libsoftdevice_controller_central.a(libsoftdevice_controller_s123_debug_soft__obfuscated.elf)
                0x0000000000004b6c                sym_G4TIIR7KO3GHFF45HCHTIL3RIPRK2LVDQADUYJQ
 .text          0x0000000000004b98        0xc C:/ncs/v2.6.1/nrfxlib/softdevice_controller/lib/cortex-m4/soft-float/libsoftdevice_controller_central.a(libsoftdevice_controller_s123_debug_soft__obfuscated.elf)
                0x0000000000004b98                sym_HG37ZAHWDO2P65KBJXRLV5PVSG5TCUWPMKZOZLQ
 .text          0x0000000000004ba4       0x24 C:/ncs/v2.6.1/nrfxlib/softdevice_controller/lib/cortex-m4/soft-float/libsoftdevice_controller_central.a(libsoftdevice_controller_s123_debug_soft__obfuscated.elf)
                0x0000000000004ba4                sym_4W26TPGCKOCVVRKXQDBKGXGC2Y5LMZXNKS2QITA
 .text          0x0000000000004bc8       0x1c C:/ncs/v2.6.1/nrfxlib/softdevice_controller/lib/cortex-m4/soft-float/libsoftdevice_controller_central.a(libsoftdevice_controller_s123_debug_soft__obfuscated.elf)
                0x0000000000004bc8                sym_N6TOG3AODPPFNS6LXFKKIADNGIMUMBS5BXPEFOY
 .text          0x0000000000004be4        0xc C:/ncs/v2.6.1/nrfxlib/softdevice_controller/lib/cortex-m4/soft-float/libsoftdevice_controller_central.a(libsoftdevice_controller_s123_debug_soft__obfuscated.elf)
                0x0000000000004be4                sym_PBZPB3PSJJYSQQW7TH2XDGNLD2UYSZR6YJ4ZZNQ
 .text          0x0000000000004bf0       0x14 C:/ncs/v2.6.1/nrfxlib/softdevice_controller/lib/cortex-m4/soft-float/libsoftdevice_controller_central.a(libsoftdevice_controller_s123_debug_soft__obfuscated.elf)
                0x0000000000004bf0                sym_HA7EOSELAQYVMG5UXMJGQLLFEIRQPB7MNOSYOXQ
 .text          0x0000000000004c04       0x30 C:/ncs/v2.6.1/nrfxlib/softdevice_controller/lib/cortex-m4/soft-float/libsoftdevice_controller_central.a(libsoftdevice_controller_s123_debug_soft__obfuscated.elf)
                0x0000000000004c04                sym_MJMICEV3AHUJUDNI6JLXYNXCJNL4PTPUQLXISYA
 .text          0x0000000000004c34       0x10 C:/ncs/v2.6.1/nrfxlib/softdevice_controller/lib/cortex-m4/soft-float/libsoftdevice_controller_central.a(libsoftdevice_controller_s123_debug_soft__obfuscated.elf)
                0x0000000000004c34                sym_W6QCODUONZ7VOOA5DU2R7RKAJUNWNTC3INZ7OGY
 .text          0x0000000000004c44       0x50 C:/ncs/v2.6.1/nrfxlib/softdevice_controller/lib/cortex-m4/soft-float/libsoftdevice_controller_central.a(libsoftdevice_controller_s123_debug_soft__obfuscated.elf)
                0x0000000000004c44                sym_GECJUMXC7GX4QNB2JHCJHLFH72UPMJZW6VAQVRA
 .text          0x0000000000004c94       0x28 C:/ncs/v2.6.1/nrfxlib/softdevice_controller/lib/cortex-m4/soft-float/libsoftdevice_controller_central.a(libsoftdevice_controller_s123_debug_soft__obfuscated.elf)
                0x0000000000004c94                sym_BOFYMMO2XEUTXLE26SHEVVPNVILC4XKISLRYGBI
 .text          0x0000000000004cbc       0x18 C:/ncs/v2.6.1/nrfxlib/softdevice_controller/lib/cortex-m4/soft-float/libsoftdevice_controller_central.a(libsoftdevice_controller_s123_debug_soft__obfuscated.elf)
                0x0000000000004cbc                sym_MJCF2WRL4I323V23HKVENOJWV5IXH54R5X6LJRY
 .text          0x0000000000004cd4       0x1c C:/ncs/v2.6.1/nrfxlib/softdevice_controller/lib/cortex-m4/soft-float/libsoftdevice_controller_central.a(libsoftdevice_controller_s123_debug_soft__obfuscated.elf)
                0x0000000000004cd4                sym_REO6MG4FRJTNQQ56RDJDYGEWFEO5TFVYGRW6OLI
 .text          0x0000000000004cf0        0xc C:/ncs/v2.6.1/nrfxlib/softdevice_controller/lib/cortex-m4/soft-float/libsoftdevice_controller_central.a(libsoftdevice_controller_s123_debug_soft__obfuscated.elf)
                0x0000000000004cf0                sym_NKFCLZ5HTE6KVHDV5DGZ6TJP4KSZI43SYBECPRY
 .text          0x0000000000004cfc       0x2c C:/ncs/v2.6.1/nrfxlib/softdevice_controller/lib/cortex-m4/soft-float/libsoftdevice_controller_central.a(libsoftdevice_controller_s123_debug_soft__obfuscated.elf)
                0x0000000000004cfc                sym_65LA7GM3MU7DDFQKTB75BYTZMPMROSWKS3VXCNI
 .text          0x0000000000004d28       0x20 C:/ncs/v2.6.1/nrfxlib/softdevice_controller/lib/cortex-m4/soft-float/libsoftdevice_controller_central.a(libsoftdevice_controller_s123_debug_soft__obfuscated.elf)
                0x0000000000004d28                sym_AGWGY6I3YKHHV6TMAWL24HN4IKGOB7PZYXPWBRA
 .text          0x0000000000004d48        0xc C:/ncs/v2.6.1/nrfxlib/softdevice_controller/lib/cortex-m4/soft-float/libsoftdevice_controller_central.a(libsoftdevice_controller_s123_debug_soft__obfuscated.elf)
                0x0000000000004d48                sym_IXGTNRGKILIZPWG2NJIZ2ALUPW2IM3XFVCGJW2I
 .text          0x0000000000004d54       0x20 C:/ncs/v2.6.1/nrfxlib/softdevice_controller/lib/cortex-m4/soft-float/libsoftdevice_controller_central.a(libsoftdevice_controller_s123_debug_soft__obfuscated.elf)
                0x0000000000004d54                sym_JHXS4T25BAYOMDDZMWPX3HMPENRV73GSV2RYHAI
 .text          0x0000000000004d74       0x2c C:/ncs/v2.6.1/nrfxlib/softdevice_controller/lib/cortex-m4/soft-float/libsoftdevice_controller_central.a(libsoftdevice_controller_s123_debug_soft__obfuscated.elf)
                0x0000000000004d74                sym_54CHYGRI3UHSVLN5ZOGJESXNRISJW5CS4IYBN7Y
 .text          0x0000000000004da0       0x1c C:/ncs/v2.6.1/nrfxlib/softdevice_controller/lib/cortex-m4/soft-float/libsoftdevice_controller_central.a(libsoftdevice_controller_s123_debug_soft__obfuscated.elf)
                0x0000000000004da0                sym_V7MOOXL5SOLISKFFGWJC7M3XDITU574WBQOXGWY
 .text          0x0000000000004dbc       0x30 C:/ncs/v2.6.1/nrfxlib/softdevice_controller/lib/cortex-m4/soft-float/libsoftdevice_controller_central.a(libsoftdevice_controller_s123_debug_soft__obfuscated.elf)
                0x0000000000004dbc                sym_QKSVBALUN2V4XT4OCC56LE75IAYLDFRRIVLBZ2Q
 .text          0x0000000000004dec       0x30 C:/ncs/v2.6.1/nrfxlib/softdevice_controller/lib/cortex-m4/soft-float/libsoftdevice_controller_central.a(libsoftdevice_controller_s123_debug_soft__obfuscated.elf)
                0x0000000000004dec                sym_WCOWXKSKBH7DOKKKINFZAPWXKW4NYAUCJWTUKBI
 .text          0x0000000000004e1c       0x1c C:/ncs/v2.6.1/nrfxlib/softdevice_controller/lib/cortex-m4/soft-float/libsoftdevice_controller_central.a(libsoftdevice_controller_s123_debug_soft__obfuscated.elf)
                0x0000000000004e1c                sym_AO3U45UEGFLUPMT565ZR5UWUQUONF5AKILLCT3A
 .text          0x0000000000004e38       0x70 C:/ncs/v2.6.1/nrfxlib/softdevice_controller/lib/cortex-m4/soft-float/libsoftdevice_controller_central.a(libsoftdevice_controller_s123_debug_soft__obfuscated.elf)
 .text          0x0000000000004ea8       0x2c C:/ncs/v2.6.1/nrfxlib/softdevice_controller/lib/cortex-m4/soft-float/libsoftdevice_controller_central.a(libsoftdevice_controller_s123_debug_soft__obfuscated.elf)
 .text          0x0000000000004ed4       0x9c C:/ncs/v2.6.1/nrfxlib/softdevice_controller/lib/cortex-m4/soft-float/libsoftdevice_controller_central.a(libsoftdevice_controller_s123_debug_soft__obfuscated.elf)
 .text          0x0000000000004f70       0xd0 C:/ncs/v2.6.1/nrfxlib/softdevice_controller/lib/cortex-m4/soft-float/libsoftdevice_controller_central.a(libsoftdevice_controller_s123_debug_soft__obfuscated.elf)
 .text          0x0000000000005040       0x18 C:/ncs/v2.6.1/nrfxlib/softdevice_controller/lib/cortex-m4/soft-float/libsoftdevice_controller_central.a(libsoftdevice_controller_s123_debug_soft__obfuscated.elf)
                0x0000000000005040                sym_BAUTABQSJLBAZ6GNH7KOF4MJMAA6NF7CDAZNOEQ
 .text          0x0000000000005058       0x24 C:/ncs/v2.6.1/nrfxlib/softdevice_controller/lib/cortex-m4/soft-float/libsoftdevice_controller_central.a(libsoftdevice_controller_s123_debug_soft__obfuscated.elf)
                0x0000000000005058                sym_62DUXM4M5AM4URNPP7IKDX3NCPAODBT4BMADGAY
 .text          0x000000000000507c        0xc C:/ncs/v2.6.1/nrfxlib/softdevice_controller/lib/cortex-m4/soft-float/libsoftdevice_controller_central.a(libsoftdevice_controller_s123_debug_soft__obfuscated.elf)
                0x000000000000507c                sym_JQOBED6Y6P46KNYF2UD53QPDVNRPPOKMQL6EEBY
 .text          0x0000000000005088       0x38 C:/ncs/v2.6.1/nrfxlib/softdevice_controller/lib/cortex-m4/soft-float/libsoftdevice_controller_central.a(libsoftdevice_controller_s123_debug_soft__obfuscated.elf)
                0x0000000000005088                sym_AH5PFWTC7OGNFGHZO3OGQJX75M4BUE2VWXVZZ5A
 .text          0x00000000000050c0        0xc C:/ncs/v2.6.1/nrfxlib/softdevice_controller/lib/cortex-m4/soft-float/libsoftdevice_controller_central.a(libsoftdevice_controller_s123_debug_soft__obfuscated.elf)
                0x00000000000050c0                sym_RHRHCWPUPZHCOID576WBS7QZ2KAUT2GASS2T3QY
 .text          0x00000000000050cc       0x3c C:/ncs/v2.6.1/nrfxlib/softdevice_controller/lib/cortex-m4/soft-float/libsoftdevice_controller_central.a(libsoftdevice_controller_s123_debug_soft__obfuscated.elf)
                0x00000000000050cc                sym_YAOI5BW7G2C6EUUY2B4S7A3CWX63A6MP2T3O5KA
 .text          0x0000000000005108       0x24 C:/ncs/v2.6.1/nrfxlib/softdevice_controller/lib/cortex-m4/soft-float/libsoftdevice_controller_central.a(libsoftdevice_controller_s123_debug_soft__obfuscated.elf)
                0x0000000000005108                sym_2X6ZBBHQKFJV27I6OQZLD4IRAL5JANEGA5N34WA
 .text          0x000000000000512c       0x68 C:/ncs/v2.6.1/nrfxlib/softdevice_controller/lib/cortex-m4/soft-float/libsoftdevice_controller_central.a(libsoftdevice_controller_s123_debug_soft__obfuscated.elf)
                0x000000000000512c                sym_EV54ITVX6ZJNRIULZTHEWNSCWW5GNYKPCEWELSY
 .text          0x0000000000005194       0x80 C:/ncs/v2.6.1/nrfxlib/softdevice_controller/lib/cortex-m4/soft-float/libsoftdevice_controller_central.a(libsoftdevice_controller_s123_debug_soft__obfuscated.elf)
                0x0000000000005194                sym_GIJNJPFWODT7EMZGJ5C7DGNKPDDXY2MLUHAWNUI
 .text          0x0000000000005214       0x24 C:/ncs/v2.6.1/nrfxlib/softdevice_controller/lib/cortex-m4/soft-float/libsoftdevice_controller_central.a(libsoftdevice_controller_s123_debug_soft__obfuscated.elf)
                0x0000000000005214                sym_DHR6XELGSD2MHYS7JWGEPSKXD43VLKKJDN33HMA
 .text          0x0000000000005238       0x54 C:/ncs/v2.6.1/nrfxlib/softdevice_controller/lib/cortex-m4/soft-float/libsoftdevice_controller_central.a(libsoftdevice_controller_s123_debug_soft__obfuscated.elf)
 .text          0x000000000000528c       0xa0 C:/ncs/v2.6.1/nrfxlib/softdevice_controller/lib/cortex-m4/soft-float/libsoftdevice_controller_central.a(libsoftdevice_controller_s123_debug_soft__obfuscated.elf)
                0x000000000000528c                sym_I6CP23ODGJWRR4E4LKGCN5RJCVBTXYTDYCCXNSQ
 .text          0x000000000000532c       0x24 C:/ncs/v2.6.1/nrfxlib/softdevice_controller/lib/cortex-m4/soft-float/libsoftdevice_controller_central.a(libsoftdevice_controller_s123_debug_soft__obfuscated.elf)
                0x000000000000532c                sym_MYZDSWHZMVTUGPWK7CFFVMNCPRPZBKC3UH2GTLQ
 .text          0x0000000000005350       0x44 C:/ncs/v2.6.1/nrfxlib/softdevice_controller/lib/cortex-m4/soft-float/libsoftdevice_controller_central.a(libsoftdevice_controller_s123_debug_soft__obfuscated.elf)
                0x0000000000005350                sym_ZIE6EQ2YDF5ZLLLNRMU6NPOFHB7VMBHYMI4646I
 .text          0x0000000000005394       0x10 C:/ncs/v2.6.1/nrfxlib/softdevice_controller/lib/cortex-m4/soft-float/libsoftdevice_controller_central.a(libsoftdevice_controller_s123_debug_soft__obfuscated.elf)
                0x0000000000005394                sym_JANNQMW3JZGYLNSOPAA2HBYBA6JBSX4W7VBR56Q
 .text          0x00000000000053a4       0x20 C:/ncs/v2.6.1/nrfxlib/softdevice_controller/lib/cortex-m4/soft-float/libsoftdevice_controller_central.a(libsoftdevice_controller_s123_debug_soft__obfuscated.elf)
                0x00000000000053a4                sym_RQLOJUGFCKCS5YSXHMF5LIHXPBLO5AO63KQE3GQ
 .text          0x00000000000053c4       0x20 C:/ncs/v2.6.1/nrfxlib/softdevice_controller/lib/cortex-m4/soft-float/libsoftdevice_controller_central.a(libsoftdevice_controller_s123_debug_soft__obfuscated.elf)
                0x00000000000053c4                sym_MAOKHHVPGVT23KVRN33B7KPEJU6F55EB66KOGDQ
 .text          0x00000000000053e4       0x20 C:/ncs/v2.6.1/nrfxlib/softdevice_controller/lib/cortex-m4/soft-float/libsoftdevice_controller_central.a(libsoftdevice_controller_s123_debug_soft__obfuscated.elf)
                0x00000000000053e4                sym_S635TH4ZNECIWRKFWYBUXBZ3GFP7WORE4PRXDPQ
 .text          0x0000000000005404       0x28 C:/ncs/v2.6.1/nrfxlib/softdevice_controller/lib/cortex-m4/soft-float/libsoftdevice_controller_central.a(libsoftdevice_controller_s123_debug_soft__obfuscated.elf)
                0x0000000000005404                sym_TP55RLOURTPNDYOY752QBNWCGKAGCOF4JK2H3IA
 .text          0x000000000000542c       0x24 C:/ncs/v2.6.1/nrfxlib/softdevice_controller/lib/cortex-m4/soft-float/libsoftdevice_controller_central.a(libsoftdevice_controller_s123_debug_soft__obfuscated.elf)
                0x000000000000542c                sym_3S3ZPZTS3JKT3LR3P6QZ3KOW4P72YQZEIQOYGSA
 .text          0x0000000000005450       0x28 C:/ncs/v2.6.1/nrfxlib/softdevice_controller/lib/cortex-m4/soft-float/libsoftdevice_controller_central.a(libsoftdevice_controller_s123_debug_soft__obfuscated.elf)
                0x0000000000005450                sym_U3LPDM4ZN7F4EBRA6GBYBEUAHXDWZU7U4P3OZRQ
 .text          0x0000000000005478       0x90 C:/ncs/v2.6.1/nrfxlib/softdevice_controller/lib/cortex-m4/soft-float/libsoftdevice_controller_central.a(libsoftdevice_controller_s123_debug_soft__obfuscated.elf)
 .text          0x0000000000005508       0x10 C:/ncs/v2.6.1/nrfxlib/softdevice_controller/lib/cortex-m4/soft-float/libsoftdevice_controller_central.a(libsoftdevice_controller_s123_debug_soft__obfuscated.elf)
                0x0000000000005508                sym_N2NJCIBZFHVP7II7LSOD6U4WPOYSC3U3IRJ6NLY
 .text          0x0000000000005518       0x14 C:/ncs/v2.6.1/nrfxlib/softdevice_controller/lib/cortex-m4/soft-float/libsoftdevice_controller_central.a(libsoftdevice_controller_s123_debug_soft__obfuscated.elf)
                0x0000000000005518                sym_56NG23UACCBJRJHKQI4X4VNMARWQXHUE4R3NK7I
 .text          0x000000000000552c       0x2c C:/ncs/v2.6.1/nrfxlib/softdevice_controller/lib/cortex-m4/soft-float/libsoftdevice_controller_central.a(libsoftdevice_controller_s123_debug_soft__obfuscated.elf)
 .text          0x0000000000005558       0xc0 C:/ncs/v2.6.1/nrfxlib/softdevice_controller/lib/cortex-m4/soft-float/libsoftdevice_controller_central.a(libsoftdevice_controller_s123_debug_soft__obfuscated.elf)
 .text          0x0000000000005618       0x44 C:/ncs/v2.6.1/nrfxlib/softdevice_controller/lib/cortex-m4/soft-float/libsoftdevice_controller_central.a(libsoftdevice_controller_s123_debug_soft__obfuscated.elf)
 .text          0x000000000000565c       0x10 C:/ncs/v2.6.1/nrfxlib/softdevice_controller/lib/cortex-m4/soft-float/libsoftdevice_controller_central.a(libsoftdevice_controller_s123_debug_soft__obfuscated.elf)
                0x000000000000565c                sym_VKBDHCW5KWYFAEZJJBKQNHH4JDURIHHEJCK4SOA
 .text          0x000000000000566c       0x10 C:/ncs/v2.6.1/nrfxlib/softdevice_controller/lib/cortex-m4/soft-float/libsoftdevice_controller_central.a(libsoftdevice_controller_s123_debug_soft__obfuscated.elf)
                0x000000000000566c                sym_BXRWRIA3M3K52MZ3ABK6S37OOTXMFTRBOBYS7TY
 .text          0x000000000000567c      0x188 C:/ncs/v2.6.1/nrfxlib/softdevice_controller/lib/cortex-m4/soft-float/libsoftdevice_controller_central.a(libsoftdevice_controller_s123_debug_soft__obfuscated.elf)
                0x000000000000567c                sym_XOOTGCSEAKA3PUKZW3QYB4DCVC2FKUP2TS5AZ5Q
 .text          0x0000000000005804       0x1c C:/ncs/v2.6.1/nrfxlib/softdevice_controller/lib/cortex-m4/soft-float/libsoftdevice_controller_central.a(libsoftdevice_controller_s123_debug_soft__obfuscated.elf)
                0x0000000000005804                sym_HHT5YV37VWRBGUMO4AOJUKOJARZKAH2OUWPZF7Q
 .text          0x0000000000005820       0x2c C:/ncs/v2.6.1/nrfxlib/softdevice_controller/lib/cortex-m4/soft-float/libsoftdevice_controller_central.a(libsoftdevice_controller_s123_debug_soft__obfuscated.elf)
                0x0000000000005820                sym_43VAZS4NQXUMOPHD7W7SYFZ3WJ6KGQYQH6UOYPQ
 .text          0x000000000000584c       0xbc C:/ncs/v2.6.1/nrfxlib/softdevice_controller/lib/cortex-m4/soft-float/libsoftdevice_controller_central.a(libsoftdevice_controller_s123_debug_soft__obfuscated.elf)
                0x000000000000584c                sym_IPYDOGNKVSD5CNASNRZPFKSG4XKU4ZG4SVERI7Q
 .text          0x0000000000005908       0x28 C:/ncs/v2.6.1/nrfxlib/softdevice_controller/lib/cortex-m4/soft-float/libsoftdevice_controller_central.a(libsoftdevice_controller_s123_debug_soft__obfuscated.elf)
                0x0000000000005908                sym_FKGRLSJGPWDG44KYHTBA74A2ZDKPDUWGXHS3E2I
 .text          0x0000000000005930       0x30 C:/ncs/v2.6.1/nrfxlib/softdevice_controller/lib/cortex-m4/soft-float/libsoftdevice_controller_central.a(libsoftdevice_controller_s123_debug_soft__obfuscated.elf)
                0x0000000000005930                sym_7LZ5OF5UTH4WGXV6IKS6GUUHKYRIWQTTIJXNBEY
 .text          0x0000000000005960       0x30 C:/ncs/v2.6.1/nrfxlib/softdevice_controller/lib/cortex-m4/soft-float/libsoftdevice_controller_central.a(libsoftdevice_controller_s123_debug_soft__obfuscated.elf)
                0x0000000000005960                sym_77ICNIHY2R2L3JRP4ZLMOWZSS3UZRKJXJOBWTWI
 .text          0x0000000000005990       0x68 C:/ncs/v2.6.1/nrfxlib/softdevice_controller/lib/cortex-m4/soft-float/libsoftdevice_controller_central.a(libsoftdevice_controller_s123_debug_soft__obfuscated.elf)
                0x0000000000005990                sym_JU6OV3GKZF5HIJH3MU2Q3OVF2CL7DGZ6RFYTUVY
 .text          0x00000000000059f8       0x58 C:/ncs/v2.6.1/nrfxlib/softdevice_controller/lib/cortex-m4/soft-float/libsoftdevice_controller_central.a(libsoftdevice_controller_s123_debug_soft__obfuscated.elf)
                0x00000000000059f8                sym_7ABLLIXUF3HMINU3DLWXJDVBNAU7RSUXPXZ3RFQ
 .text          0x0000000000005a50       0x90 C:/ncs/v2.6.1/nrfxlib/softdevice_controller/lib/cortex-m4/soft-float/libsoftdevice_controller_central.a(libsoftdevice_controller_s123_debug_soft__obfuscated.elf)
                0x0000000000005a50                sym_RHE23VLW3YS5P4HRDMPTVWIHXVLEGJ7BJEAEEUI
 .text          0x0000000000005ae0       0x20 C:/ncs/v2.6.1/nrfxlib/softdevice_controller/lib/cortex-m4/soft-float/libsoftdevice_controller_central.a(libsoftdevice_controller_s123_debug_soft__obfuscated.elf)
                0x0000000000005ae0                sym_CYYZ5DA5UWAE37FM7XP643I473QUSWWZ2MS7OLY
 .text          0x0000000000005b00       0x34 C:/ncs/v2.6.1/nrfxlib/softdevice_controller/lib/cortex-m4/soft-float/libsoftdevice_controller_central.a(libsoftdevice_controller_s123_debug_soft__obfuscated.elf)
                0x0000000000005b00                sym_KQ4RAL3HW3LUBE4EKZDESO77BJMQRXFGP63ANLQ
 .text          0x0000000000005b34       0xb8 C:/ncs/v2.6.1/nrfxlib/softdevice_controller/lib/cortex-m4/soft-float/libsoftdevice_controller_central.a(libsoftdevice_controller_s123_debug_soft__obfuscated.elf)
                0x0000000000005b34                sym_365Y77DXDRWJHR4QPTXJM46KZ7L557J533F2SNY
 .text          0x0000000000005bec       0x4c C:/ncs/v2.6.1/nrfxlib/softdevice_controller/lib/cortex-m4/soft-float/libsoftdevice_controller_central.a(libsoftdevice_controller_s123_debug_soft__obfuscated.elf)
 .text          0x0000000000005c38       0x84 C:/ncs/v2.6.1/nrfxlib/softdevice_controller/lib/cortex-m4/soft-float/libsoftdevice_controller_central.a(libsoftdevice_controller_s123_debug_soft__obfuscated.elf)
 .text          0x0000000000005cbc       0x18 C:/ncs/v2.6.1/nrfxlib/softdevice_controller/lib/cortex-m4/soft-float/libsoftdevice_controller_central.a(libsoftdevice_controller_s123_debug_soft__obfuscated.elf)
                0x0000000000005cbc                sym_3E5VWVFRMYHMNGUSJEPBKKOP7X6VGWWURR334MQ
 .text          0x0000000000005cd4      0x104 C:/ncs/v2.6.1/nrfxlib/softdevice_controller/lib/cortex-m4/soft-float/libsoftdevice_controller_central.a(libsoftdevice_controller_s123_debug_soft__obfuscated.elf)
                0x0000000000005cd4                sym_MKU2XEL6QB4MO4JU3HW4P3NALUM7PALQ3OF2VGA
 .text          0x0000000000005dd8       0x88 C:/ncs/v2.6.1/nrfxlib/softdevice_controller/lib/cortex-m4/soft-float/libsoftdevice_controller_central.a(libsoftdevice_controller_s123_debug_soft__obfuscated.elf)
 .text          0x0000000000005e60       0x24 C:/ncs/v2.6.1/nrfxlib/softdevice_controller/lib/cortex-m4/soft-float/libsoftdevice_controller_central.a(libsoftdevice_controller_s123_debug_soft__obfuscated.elf)
                0x0000000000005e60                sym_ECAFXV3NMZ2THIWY27PTYY6WSGFWQJNAJOG5HIY
 .text          0x0000000000005e84        0xc C:/ncs/v2.6.1/nrfxlib/softdevice_controller/lib/cortex-m4/soft-float/libsoftdevice_controller_central.a(libsoftdevice_controller_s123_debug_soft__obfuscated.elf)
                0x0000000000005e84                sym_FKU5SDIGNJ3CUR3VYEELCK5CK3EK42NLF7KQXSQ
 .text          0x0000000000005e90        0xc C:/ncs/v2.6.1/nrfxlib/softdevice_controller/lib/cortex-m4/soft-float/libsoftdevice_controller_central.a(libsoftdevice_controller_s123_debug_soft__obfuscated.elf)
                0x0000000000005e90                sym_MD2ACKWOI3UMWSI6IONGH6VN62ROA3VVQP7HYBQ
 .text          0x0000000000005e9c       0x60 C:/ncs/v2.6.1/nrfxlib/softdevice_controller/lib/cortex-m4/soft-float/libsoftdevice_controller_central.a(libsoftdevice_controller_s123_debug_soft__obfuscated.elf)
                0x0000000000005e9c                sym_VT36OYILRYR2ODZV34U7WHVGGSRS7VN6JG7WPYI
 .text          0x0000000000005efc       0x48 C:/ncs/v2.6.1/nrfxlib/softdevice_controller/lib/cortex-m4/soft-float/libsoftdevice_controller_central.a(libsoftdevice_controller_s123_debug_soft__obfuscated.elf)
                0x0000000000005efc                sym_3BV6HS2RZST6R6C5ZWOISO6OTZHTSW3BAFXBSVQ
 .text          0x0000000000005f44       0x5c C:/ncs/v2.6.1/nrfxlib/softdevice_controller/lib/cortex-m4/soft-float/libsoftdevice_controller_central.a(libsoftdevice_controller_s123_debug_soft__obfuscated.elf)
 .text          0x0000000000005fa0       0x58 C:/ncs/v2.6.1/nrfxlib/softdevice_controller/lib/cortex-m4/soft-float/libsoftdevice_controller_central.a(libsoftdevice_controller_s123_debug_soft__obfuscated.elf)
 .text          0x0000000000005ff8       0x8c C:/ncs/v2.6.1/nrfxlib/softdevice_controller/lib/cortex-m4/soft-float/libsoftdevice_controller_central.a(libsoftdevice_controller_s123_debug_soft__obfuscated.elf)
 .text          0x0000000000006084       0x40 C:/ncs/v2.6.1/nrfxlib/softdevice_controller/lib/cortex-m4/soft-float/libsoftdevice_controller_central.a(libsoftdevice_controller_s123_debug_soft__obfuscated.elf)
 .text          0x00000000000060c4       0x40 C:/ncs/v2.6.1/nrfxlib/softdevice_controller/lib/cortex-m4/soft-float/libsoftdevice_controller_central.a(libsoftdevice_controller_s123_debug_soft__obfuscated.elf)
 .text          0x0000000000006104       0x70 C:/ncs/v2.6.1/nrfxlib/softdevice_controller/lib/cortex-m4/soft-float/libsoftdevice_controller_central.a(libsoftdevice_controller_s123_debug_soft__obfuscated.elf)
 .text          0x0000000000006174       0xb0 C:/ncs/v2.6.1/nrfxlib/softdevice_controller/lib/cortex-m4/soft-float/libsoftdevice_controller_central.a(libsoftdevice_controller_s123_debug_soft__obfuscated.elf)
 .text          0x0000000000006224       0xa0 C:/ncs/v2.6.1/nrfxlib/softdevice_controller/lib/cortex-m4/soft-float/libsoftdevice_controller_central.a(libsoftdevice_controller_s123_debug_soft__obfuscated.elf)
 .text          0x00000000000062c4       0xb8 C:/ncs/v2.6.1/nrfxlib/softdevice_controller/lib/cortex-m4/soft-float/libsoftdevice_controller_central.a(libsoftdevice_controller_s123_debug_soft__obfuscated.elf)
 .text          0x000000000000637c       0x40 C:/ncs/v2.6.1/nrfxlib/softdevice_controller/lib/cortex-m4/soft-float/libsoftdevice_controller_central.a(libsoftdevice_controller_s123_debug_soft__obfuscated.elf)
 .text          0x00000000000063bc       0x40 C:/ncs/v2.6.1/nrfxlib/softdevice_controller/lib/cortex-m4/soft-float/libsoftdevice_controller_central.a(libsoftdevice_controller_s123_debug_soft__obfuscated.elf)
 .text          0x00000000000063fc      0x7e8 C:/ncs/v2.6.1/nrfxlib/softdevice_controller/lib/cortex-m4/soft-float/libsoftdevice_controller_central.a(libsoftdevice_controller_s123_debug_soft__obfuscated.elf)
 .text          0x0000000000006be4      0x35c C:/ncs/v2.6.1/nrfxlib/softdevice_controller/lib/cortex-m4/soft-float/libsoftdevice_controller_central.a(libsoftdevice_controller_s123_debug_soft__obfuscated.elf)
                0x0000000000006be4                sym_C4R73COZU7NKK6UAUGTJ6HNWDG7QPVROF5RMZMA
 .text          0x0000000000006f40       0xe8 C:/ncs/v2.6.1/nrfxlib/softdevice_controller/lib/cortex-m4/soft-float/libsoftdevice_controller_central.a(libsoftdevice_controller_s123_debug_soft__obfuscated.elf)
                0x0000000000006f40                sym_JMIQO3ILZD7SKROBEXXUMUGX2B5S6MSFF2CM3XY
 .text          0x0000000000007028       0xcc C:/ncs/v2.6.1/nrfxlib/softdevice_controller/lib/cortex-m4/soft-float/libsoftdevice_controller_central.a(libsoftdevice_controller_s123_debug_soft__obfuscated.elf)
                0x0000000000007028                sym_ELB4EXXRKBATZ6KCANX37LXPZBQQJSOFPSAT7UI
 .text          0x00000000000070f4       0x30 C:/ncs/v2.6.1/nrfxlib/softdevice_controller/lib/cortex-m4/soft-float/libsoftdevice_controller_central.a(libsoftdevice_controller_s123_debug_soft__obfuscated.elf)
                0x00000000000070f4                sym_MGQDGNJ74VJJHVTKWJOWJH5EBSV45Q2XONQQ5WQ
 .text          0x0000000000007124       0x30 C:/ncs/v2.6.1/nrfxlib/softdevice_controller/lib/cortex-m4/soft-float/libsoftdevice_controller_central.a(libsoftdevice_controller_s123_debug_soft__obfuscated.elf)
                0x0000000000007124                sym_MEJ7N2FHYOI6WKBF6QPZGKUNC3JXLY6XDOIDFTY
 .text          0x0000000000007154       0x20 C:/ncs/v2.6.1/nrfxlib/softdevice_controller/lib/cortex-m4/soft-float/libsoftdevice_controller_central.a(libsoftdevice_controller_s123_debug_soft__obfuscated.elf)
 .text          0x0000000000007174       0x14 C:/ncs/v2.6.1/nrfxlib/softdevice_controller/lib/cortex-m4/soft-float/libsoftdevice_controller_central.a(libsoftdevice_controller_s123_debug_soft__obfuscated.elf)
                0x0000000000007174                sym_LOTFHGQTFUFWGX7HOTL4Q2XATGIJRVIMCMOYRMA
 .text          0x0000000000007188       0x30 C:/ncs/v2.6.1/nrfxlib/softdevice_controller/lib/cortex-m4/soft-float/libsoftdevice_controller_central.a(libsoftdevice_controller_s123_debug_soft__obfuscated.elf)
                0x0000000000007188                sym_MDF364N4PQDEA5ZGP5CB3ZDZVZM5Q32KSEZZ5HI
 .text          0x00000000000071b8       0x34 C:/ncs/v2.6.1/nrfxlib/softdevice_controller/lib/cortex-m4/soft-float/libsoftdevice_controller_central.a(libsoftdevice_controller_s123_debug_soft__obfuscated.elf)
                0x00000000000071b8                sym_XCEN5K7VEI2CAO42XW7S3FKM3HKMOCDCUFDX25Y
 .text          0x00000000000071ec       0x44 C:/ncs/v2.6.1/nrfxlib/softdevice_controller/lib/cortex-m4/soft-float/libsoftdevice_controller_central.a(libsoftdevice_controller_s123_debug_soft__obfuscated.elf)
                0x00000000000071ec                sym_5DEPI2OGSPXE5OVFBPVFPSPYPRYUQ54QVVXIKNI
 .text          0x0000000000007230       0x34 C:/ncs/v2.6.1/nrfxlib/softdevice_controller/lib/cortex-m4/soft-float/libsoftdevice_controller_central.a(libsoftdevice_controller_s123_debug_soft__obfuscated.elf)
                0x0000000000007230                sym_KZ5CVONZGMGIGNMI7YD6HLN3FXAAJK6OMEJW6BQ
 .text          0x0000000000007264       0x28 C:/ncs/v2.6.1/nrfxlib/softdevice_controller/lib/cortex-m4/soft-float/libsoftdevice_controller_central.a(libsoftdevice_controller_s123_debug_soft__obfuscated.elf)
                0x0000000000007264                sym_ZQHB3ANU2DANFLJZLZL5U4SPQ2ZDVUAHI35744Y
 .text          0x000000000000728c       0x10 C:/ncs/v2.6.1/nrfxlib/softdevice_controller/lib/cortex-m4/soft-float/libsoftdevice_controller_central.a(libsoftdevice_controller_s123_debug_soft__obfuscated.elf)
                0x000000000000728c                sym_TRMXENGHOH4VBQQZPIN222FLCEFU3Z3CD5C47DY
 .text          0x000000000000729c       0x8c C:/ncs/v2.6.1/nrfxlib/softdevice_controller/lib/cortex-m4/soft-float/libsoftdevice_controller_central.a(libsoftdevice_controller_s123_debug_soft__obfuscated.elf)
                0x000000000000729c                sym_5I5MTMPTF2F4WI7MIXG5OG4TUPLUR53CB2QHVUA
 .text          0x0000000000007328       0x84 C:/ncs/v2.6.1/nrfxlib/softdevice_controller/lib/cortex-m4/soft-float/libsoftdevice_controller_central.a(libsoftdevice_controller_s123_debug_soft__obfuscated.elf)
                0x0000000000007328                sym_WLH66EC4H754I3MAYKGHFOCADIOY4E4WNRBI4TA
 .text          0x00000000000073ac       0x28 C:/ncs/v2.6.1/nrfxlib/softdevice_controller/lib/cortex-m4/soft-float/libsoftdevice_controller_central.a(libsoftdevice_controller_s123_debug_soft__obfuscated.elf)
                0x00000000000073ac                sym_VIDE7XVSTT4HHX2MQJX6VUVABAKVNGIPRTLRLEQ
 .text          0x00000000000073d4       0x34 C:/ncs/v2.6.1/nrfxlib/softdevice_controller/lib/cortex-m4/soft-float/libsoftdevice_controller_central.a(libsoftdevice_controller_s123_debug_soft__obfuscated.elf)
                0x00000000000073d4                sym_3CD5EC6VYR6RXXLO3FXSZQ37BOYSM63APF5D5BA
 .text          0x0000000000007408       0x6c C:/ncs/v2.6.1/nrfxlib/softdevice_controller/lib/cortex-m4/soft-float/libsoftdevice_controller_central.a(libsoftdevice_controller_s123_debug_soft__obfuscated.elf)
                0x0000000000007408                sym_FYMYD324TMLKJZE62CZN4WTXFSPL6FPU2SZH6CI
 .text          0x0000000000007474        0xc C:/ncs/v2.6.1/nrfxlib/softdevice_controller/lib/cortex-m4/soft-float/libsoftdevice_controller_central.a(libsoftdevice_controller_s123_debug_soft__obfuscated.elf)
                0x0000000000007474                sym_QQVHHHKNBN5TJBK4NCDSUYAMXMOEHFSL7HE7RRA
 .text          0x0000000000007480       0x3c C:/ncs/v2.6.1/nrfxlib/softdevice_controller/lib/cortex-m4/soft-float/libsoftdevice_controller_central.a(libsoftdevice_controller_s123_debug_soft__obfuscated.elf)
                0x0000000000007480                sym_XPKSFPKFBNSTZZU4FUMGC3XRHAVS24BBL53HRMA
 .text          0x00000000000074bc       0x60 C:/ncs/v2.6.1/nrfxlib/softdevice_controller/lib/cortex-m4/soft-float/libsoftdevice_controller_central.a(libsoftdevice_controller_s123_debug_soft__obfuscated.elf)
                0x00000000000074bc                sym_6Q45YYTUN2KDQ5V5UGE3T2LTI5FNGX6WIJYLIDI
 .text          0x000000000000751c       0x28 C:/ncs/v2.6.1/nrfxlib/softdevice_controller/lib/cortex-m4/soft-float/libsoftdevice_controller_central.a(libsoftdevice_controller_s123_debug_soft__obfuscated.elf)
 .text          0x0000000000007544       0x10 C:/ncs/v2.6.1/nrfxlib/softdevice_controller/lib/cortex-m4/soft-float/libsoftdevice_controller_central.a(libsoftdevice_controller_s123_debug_soft__obfuscated.elf)
 .text          0x0000000000007554       0x54 C:/ncs/v2.6.1/nrfxlib/softdevice_controller/lib/cortex-m4/soft-float/libsoftdevice_controller_central.a(libsoftdevice_controller_s123_debug_soft__obfuscated.elf)
 .text          0x00000000000075a8       0x30 C:/ncs/v2.6.1/nrfxlib/softdevice_controller/lib/cortex-m4/soft-float/libsoftdevice_controller_central.a(libsoftdevice_controller_s123_debug_soft__obfuscated.elf)
 .text          0x00000000000075d8       0x34 C:/ncs/v2.6.1/nrfxlib/softdevice_controller/lib/cortex-m4/soft-float/libsoftdevice_controller_central.a(libsoftdevice_controller_s123_debug_soft__obfuscated.elf)
 .text          0x000000000000760c       0x50 C:/ncs/v2.6.1/nrfxlib/softdevice_controller/lib/cortex-m4/soft-float/libsoftdevice_controller_central.a(libsoftdevice_controller_s123_debug_soft__obfuscated.elf)
 .text          0x000000000000765c       0x60 C:/ncs/v2.6.1/nrfxlib/softdevice_controller/lib/cortex-m4/soft-float/libsoftdevice_controller_central.a(libsoftdevice_controller_s123_debug_soft__obfuscated.elf)
 .text          0x00000000000076bc       0x28 C:/ncs/v2.6.1/nrfxlib/softdevice_controller/lib/cortex-m4/soft-float/libsoftdevice_controller_central.a(libsoftdevice_controller_s123_debug_soft__obfuscated.elf)
 .text          0x00000000000076e4       0x38 C:/ncs/v2.6.1/nrfxlib/softdevice_controller/lib/cortex-m4/soft-float/libsoftdevice_controller_central.a(libsoftdevice_controller_s123_debug_soft__obfuscated.elf)
 .text          0x000000000000771c       0x20 C:/ncs/v2.6.1/nrfxlib/softdevice_controller/lib/cortex-m4/soft-float/libsoftdevice_controller_central.a(libsoftdevice_controller_s123_debug_soft__obfuscated.elf)
 .text          0x000000000000773c       0x4c C:/ncs/v2.6.1/nrfxlib/softdevice_controller/lib/cortex-m4/soft-float/libsoftdevice_controller_central.a(libsoftdevice_controller_s123_debug_soft__obfuscated.elf)
 .text          0x0000000000007788       0x50 C:/ncs/v2.6.1/nrfxlib/softdevice_controller/lib/cortex-m4/soft-float/libsoftdevice_controller_central.a(libsoftdevice_controller_s123_debug_soft__obfuscated.elf)
 .text          0x00000000000077d8       0x74 C:/ncs/v2.6.1/nrfxlib/softdevice_controller/lib/cortex-m4/soft-float/libsoftdevice_controller_central.a(libsoftdevice_controller_s123_debug_soft__obfuscated.elf)
                0x00000000000077d8                sym_RUQBFILZ5CHV2AAL6C3D2J5Y33TCCAPZTHBGZ3A
 .text          0x000000000000784c       0x10 C:/ncs/v2.6.1/nrfxlib/softdevice_controller/lib/cortex-m4/soft-float/libsoftdevice_controller_central.a(libsoftdevice_controller_s123_debug_soft__obfuscated.elf)
                0x000000000000784c                sym_DRIMECVE2FH7O6C2LQ25QRVJOICPHLA5GC6TM2I
 .text          0x000000000000785c        0xc C:/ncs/v2.6.1/nrfxlib/softdevice_controller/lib/cortex-m4/soft-float/libsoftdevice_controller_central.a(libsoftdevice_controller_s123_debug_soft__obfuscated.elf)
                0x000000000000785c                sym_ARLNRKQ66P65CL63VENK3NR6NFAZLWPJOOVV7RQ
 .text          0x0000000000007868        0xc C:/ncs/v2.6.1/nrfxlib/softdevice_controller/lib/cortex-m4/soft-float/libsoftdevice_controller_central.a(libsoftdevice_controller_s123_debug_soft__obfuscated.elf)
                0x0000000000007868                sym_GI7KSEEMTJQ7HR2XTQJ6A3EAB54YYLMWKNL2RBA
 .text          0x0000000000007874       0x58 C:/ncs/v2.6.1/nrfxlib/softdevice_controller/lib/cortex-m4/soft-float/libsoftdevice_controller_central.a(libsoftdevice_controller_s123_debug_soft__obfuscated.elf)
                0x0000000000007874                sym_5CHOZAQ75MOW32NPEGX5AYLDFVQR6HZCDXZY5PQ
 .text          0x00000000000078cc      0x118 C:/ncs/v2.6.1/nrfxlib/softdevice_controller/lib/cortex-m4/soft-float/libsoftdevice_controller_central.a(libsoftdevice_controller_s123_debug_soft__obfuscated.elf)
                0x00000000000078cc                sym_JQ5GTNCJKXERB3SSKQRXLQOKWJQVRNEOVZZZVXI
 .text          0x00000000000079e4        0xc C:/ncs/v2.6.1/nrfxlib/softdevice_controller/lib/cortex-m4/soft-float/libsoftdevice_controller_central.a(libsoftdevice_controller_s123_debug_soft__obfuscated.elf)
                0x00000000000079e4                sym_HE5JGYEZFIITGQL7PMATDHSORSCK7HJIY5UXOZA
 .text          0x00000000000079f0       0x14 C:/ncs/v2.6.1/nrfxlib/softdevice_controller/lib/cortex-m4/soft-float/libsoftdevice_controller_central.a(libsoftdevice_controller_s123_debug_soft__obfuscated.elf)
                0x00000000000079f0                sym_YLRTPBVG5ROXKOW4KXUYITRUY3FD2MVZW5LF7ZA
 .text          0x0000000000007a04       0x38 C:/ncs/v2.6.1/nrfxlib/softdevice_controller/lib/cortex-m4/soft-float/libsoftdevice_controller_central.a(libsoftdevice_controller_s123_debug_soft__obfuscated.elf)
                0x0000000000007a04                sym_GVSNNBZMBIJOMUA3FPIAVVC7S5MNBYUF4QELXZA
 .text          0x0000000000007a3c        0xc C:/ncs/v2.6.1/nrfxlib/softdevice_controller/lib/cortex-m4/soft-float/libsoftdevice_controller_central.a(libsoftdevice_controller_s123_debug_soft__obfuscated.elf)
                0x0000000000007a3c                sym_ZQE76VUU7S5U7DETTZA65E75LHFWL5PGRN4JPHI
 .text          0x0000000000007a48       0x74 C:/ncs/v2.6.1/nrfxlib/softdevice_controller/lib/cortex-m4/soft-float/libsoftdevice_controller_central.a(libsoftdevice_controller_s123_debug_soft__obfuscated.elf)
                0x0000000000007a48                sym_6PPYXQQOLTVZ6DHASA45P4Y6MOJ5US37OHECCGI
 .text          0x0000000000007abc       0x94 C:/ncs/v2.6.1/nrfxlib/softdevice_controller/lib/cortex-m4/soft-float/libsoftdevice_controller_central.a(libsoftdevice_controller_s123_debug_soft__obfuscated.elf)
                0x0000000000007abc                sym_A5S3P57NWYYY5XJWBYERU6H4QSVP5TCTU7HKA5Y
 .text          0x0000000000007b50       0x8c C:/ncs/v2.6.1/nrfxlib/softdevice_controller/lib/cortex-m4/soft-float/libsoftdevice_controller_central.a(libsoftdevice_controller_s123_debug_soft__obfuscated.elf)
                0x0000000000007b50                sym_2YSDS7VWGMSD5CN64D2VGQIYXBV3A6NJCHWFZEY
 .text          0x0000000000007bdc       0xd0 C:/ncs/v2.6.1/nrfxlib/softdevice_controller/lib/cortex-m4/soft-float/libsoftdevice_controller_central.a(libsoftdevice_controller_s123_debug_soft__obfuscated.elf)
                0x0000000000007bdc                sym_WJZCKVDJU3WW5NVNH77DPRGYVZQLD372GLDYO6I
 .text          0x0000000000007cac       0xf8 C:/ncs/v2.6.1/nrfxlib/softdevice_controller/lib/cortex-m4/soft-float/libsoftdevice_controller_central.a(libsoftdevice_controller_s123_debug_soft__obfuscated.elf)
                0x0000000000007cac                sym_E7IS652W2J5N5UTHP752WOA4YNSR7E5S5H4J2AA
 .text          0x0000000000007da4        0xc C:/ncs/v2.6.1/nrfxlib/softdevice_controller/lib/cortex-m4/soft-float/libsoftdevice_controller_central.a(libsoftdevice_controller_s123_debug_soft__obfuscated.elf)
                0x0000000000007da4                sym_XD56LJG2JTRU4Q2V7WCY72EI3VTZICA3O4ERV2A
 .text          0x0000000000007db0       0x10 C:/ncs/v2.6.1/nrfxlib/softdevice_controller/lib/cortex-m4/soft-float/libsoftdevice_controller_central.a(libsoftdevice_controller_s123_debug_soft__obfuscated.elf)
                0x0000000000007db0                sym_YG4UROEKVB7ZBE5TWHLNJHYKSFBTXGBYAX3RXRI
 .text          0x0000000000007dc0       0x24 C:/ncs/v2.6.1/nrfxlib/softdevice_controller/lib/cortex-m4/soft-float/libsoftdevice_controller_central.a(libsoftdevice_controller_s123_debug_soft__obfuscated.elf)
                0x0000000000007dc0                sym_LPFN6QJEOHBT4AP2K7MEYWDZW35U5VHIHXOA54I
 .text          0x0000000000007de4       0x48 C:/ncs/v2.6.1/nrfxlib/softdevice_controller/lib/cortex-m4/soft-float/libsoftdevice_controller_central.a(libsoftdevice_controller_s123_debug_soft__obfuscated.elf)
                0x0000000000007de4                sym_Y6HXZQJARJ7FDWKGPREPQGRRGDOQMXHDALUK6KY
 .text          0x0000000000007e2c       0x18 C:/ncs/v2.6.1/nrfxlib/softdevice_controller/lib/cortex-m4/soft-float/libsoftdevice_controller_central.a(libsoftdevice_controller_s123_debug_soft__obfuscated.elf)